#
# A fatal error has been detected by the Java Runtime Environment:
#
#  EXCEPTION_ACCESS_VIOLATION (0xc0000005) at pc=0x00007ffad213180e, pid=28304, tid=13552
#
# JRE version: OpenJDK Runtime Environment (26.0+35) (build 26+35-2893)
# Java VM: OpenJDK 64-Bit Server VM (26+35-2893, mixed mode, sharing, tiered, compressed oops, compressed class ptrs, g1 gc, windows-amd64)
# Problematic frame:
# V  [jvm.dll+0x51180e]
#
# No core dump will be written. Minidumps are not enabled by default on client versions of Windows
#
# If you would like to submit a bug report, please visit:
#   https://bugreport.java.com/bugreport/crash.jsp
#

---------------  S U M M A R Y ------------

Command Line: -javaagent:C:\Program Files\JetBrains\IntelliJ IDEA 2025.2.4\lib\idea_rt.jar=52108 -Dfile.encoding=UTF-8 -Dsun.stdout.encoding=UTF-8 -Dsun.stderr.encoding=UTF-8 org.example.Launcher

Host: AMD Ryzen 7 6800H with Radeon Graphics         , 16 cores, 23G,  Windows 11 , 64 bit Build 26100 (10.0.26100.8246)
Time: Sat Apr 25 15:01:50 2026 Central Europe Daylight Time elapsed time: 9.877224 seconds (0d 0h 0m 9s)

---------------  T H R E A D  ---------------

Current thread (0x000001fa9a2d9b10):  JavaThread "JavaFX Application Thread"        [_thread_in_vm, id=13552, stack(0x00000087c1b00000,0x00000087c1c00000) (1024K)]

Stack: [0x00000087c1b00000,0x00000087c1c00000],  sp=0x00000087c1bfe1b0,  free space=1016k
Native frames: (J=compiled Java code, j=interpreted, Vv=VM code, C=native code)
V  [jvm.dll+0x51180e]  (no source info available)
V  [jvm.dll+0x50e9a4]  (no source info available)
C  0x00007ffab3d4b1e5  (no source info available)
C  0x00007ffab319d8bc  (no source info available)
C  0x00007ffab319c0af  (no source info available)
C  0x00007ffab2ab0f80  (no source info available)
C  0x000001fa8745d4f3  (no source info available)

The last pc belongs to native method entry point (kind = native) (printed below).
Java frames: (J=compiled Java code, j=interpreted, Vv=VM code)
j  com.sun.webkit.WebPage.twkExecuteScript(JLjava/lang/String;)Ljava/lang/Object;+0
j  com.sun.webkit.WebPage.executeScript(JLjava/lang/String;)Ljava/lang/Object;+78
j  javafx.scene.web.WebEngine.executeScript(Ljava/lang/String;)Ljava/lang/Object;+19
j  org.example.controller.ManzelController.lambda$showFormView$4(Ljavafx/scene/web/WebEngine;[DLjava/lang/String;)V+13
j  org.example.controller.ManzelController$$Lambda+0x00000000324b58a0.run()V+12
j  com.sun.javafx.application.PlatformImpl.lambda$runLater$10(Ljava/lang/Runnable;)Ljava/lang/Void;+1
j  com.sun.javafx.application.PlatformImpl$$Lambda+0x00000000320f5e98.run()Ljava/lang/Object;+4
J 5529 c1 java.security.AccessController.doPrivileged(Ljava/security/PrivilegedAction;Ljava/security/AccessControlContext;)Ljava/lang/Object; java.base@26 (9 bytes) @ 0x000001fa8087b1e4 [0x000001fa8087b100+0x00000000000000e4]
j  com.sun.javafx.application.PlatformImpl.lambda$runLater$11(Ljava/lang/Runnable;Ljava/security/AccessControlContext;)V+7
j  com.sun.javafx.application.PlatformImpl$$Lambda+0x00000000320f4dc8.run()V+8
j  com.sun.glass.ui.InvokeLaterDispatcher$Future.run()V+4
v  ~StubRoutines::Stub Generator call_stub_stub 0x000001fa874518e2
j  com.sun.glass.ui.win.WinApplication._runLoop(Ljava/lang/Runnable;)V+0
j  com.sun.glass.ui.win.WinApplication.lambda$runLoop$3(ILjava/lang/Runnable;)V+8
j  com.sun.glass.ui.win.WinApplication$$Lambda+0x00000000320e4000.run()V+12
j  java.lang.Thread.runWith(Ljava/lang/Object;Ljava/lang/Runnable;)V+5 java.base@26
j  java.lang.Thread.run()V+19 java.base@26
v  ~StubRoutines::Stub Generator call_stub_stub 0x000001fa874518e2

siginfo: EXCEPTION_ACCESS_VIOLATION (0xc0000005), reading address 0x0000000000000000


Registers:
RAX=0x0000000000000000, RBX=0x0000000000000005, RCX=0x00000000690bffff, RDX=0x00007ffa8370c956
RSP=0x00000087c1bfe1b0, RBP=0x0000000000000000, RSI=0x0000000000000000, RDI=0x00000000314d3aa0
R8 =0x0000000000000000, R9 =0x0000000000000000, R10=0x00007ffad212e8e0, R11=0x00000087c1bfe368
R12=0x00007ffab4be8eb8, R13=0x000001fa9a2d9b10, R14=0x00000000314dae00, R15=0x00007ffab4be775c
RIP=0x00007ffad213180e, EFLAGS=0x0000000000010293

XMM[0]=0x0000000000000000 0x0000000000000000
XMM[1]=0x0000000000000001 0x000001fa96d47ff8
XMM[2]=0x2525252525252525 0x2525252525252525
XMM[3]=0xee830681e1ddc99f 0x59db6a41e191dddf
XMM[4]=0x000e178101b4d89f 0x34e63b4167e12cdf
XMM[5]=0x72616e6f69746369 0x446d65747379735c
XMM[6]=0x0000000000000000 0x0000000000000000
XMM[7]=0x0000000000000000 0x0000000000000000
XMM[8]=0x0000000000000000 0x0000000000000000
XMM[9]=0x0000000000000000 0x0000000000000000
XMM[10]=0x0000000000000000 0x0000000000000000
XMM[11]=0x0000000000000000 0x0000000000000000
XMM[12]=0x0000000000000000 0x0000000000000000
XMM[13]=0x0000000000000000 0x0000000000000000
XMM[14]=0x0000000000000000 0x0000000000000000
XMM[15]=0x0000000000000000 0x0000000000000000
  MXCSR=0x00001fab


Register to memory mapping:

RAX=0x0 is null
RBX=0x0000000000000005 is an unknown value
RCX=0x00000000690bffff is pointing into metadata
RDX=0x00007ffa8370c956 is an unknown value
RSP=0x00000087c1bfe1b0 is pointing into the stack for thread: 0x000001fa9a2d9b10
RBP=0x0 is null
RSI=0x0 is null
RDI=0x00000000314d3aa0 is pointing into metadata
R8 =0x0 is null
R9 =0x0 is null
R10=0x00007ffad212e8e0 jvm.dll
R11=0x00000087c1bfe368 is pointing into the stack for thread: 0x000001fa9a2d9b10
R12=0x00007ffab4be8eb8 points into unknown readable memory: 0x00003e74696e693c | 3c 69 6e 69 74 3e 00 00
R13=0x000001fa9a2d9b10 is a thread
R14=0x00000000314dae00 is pointing into metadata
R15=0x00007ffab4be775c points into unknown readable memory: 28 4a 49 29

Top of Stack: (sp=0x00000087c1bfe1b0)
0x00000087c1bfe1b0:   0000000000000005 0000000000000000   ................
0x00000087c1bfe1c0:   00000000314d3aa0 000001fa99a141f0   .:M1.....A......
0x00000087c1bfe1d0:   000001fa99bba4e0 000001fa99bba520   ........ .......
0x00000087c1bfe1e0:   000001fa99bba500 00000000000000d8   ................
0x00000087c1bfe1f0:   00000087c1bfec30 000001fa9a2d9b10   0.........-.....
0x00000087c1bfe200:   0000000000000000 025666f46c5e0272   ........r.^l.fV.
0x00000087c1bfe210:   0000000000000000 0000000000000000   ................
0x00000087c1bfe220:   0000000000000000 00007ffad252eb7c   ........|.R.....
0x00000087c1bfe230:   000001fa9a2d9b10 000001fa9a2d9f40   ..-.....@.-.....
0x00000087c1bfe240:   000001fa9a2d9b10 000000000000001b   ..-.............
0x00000087c1bfe250:   000001faaca12848 0000000000000018   H(..............
0x00000087c1bfe260:   000001fa99bba518 00007ffad1fce54f   ........O.......
0x00000087c1bfe270:   000001faaca12848 000001fa99bba500   H(..............
0x00000087c1bfe280:   000001fa9a0587b0 000001fafd7e5810   .........X~.....
0x00000087c1bfe290:   0000000000000000 0000000000000000   ................
0x00000087c1bfe2a0:   0000000000000000 0000000000000000   ................
0x00000087c1bfe2b0:   0000000000000000 0000000000000000   ................
0x00000087c1bfe2c0:   000001faacb5dbe8 000001faaca12848   ........H(......
0x00000087c1bfe2d0:   0000000000000018 000001fa9a2d9b10   ..........-.....
0x00000087c1bfe2e0:   000001faacb5dbe8 000001faa5ba4de8   .........M......
0x00000087c1bfe2f0:   0000000000000000 00007ffbb04d88c0   ..........M.....
0x00000087c1bfe300:   00000087c1bfe450 00007ffbb03b489e   P........H;.....
0x00000087c1bfe310:   00000087c1bfe390 00000087c1bfe390   ................
0x00000087c1bfe320:   00009f2199704471 00000087c1bfe390   qDp.!...........
0x00000087c1bfe330:   000001faacb5dbe8 0000000000000000   ................
0x00000087c1bfe340:   00007ffab4c9f388 0000000000000018   ................
0x00000087c1bfe350:   000001fa9a2d9f40 00007ffab4be775c   @.-.....\w......
0x00000087c1bfe360:   00007ffab4be8eb8 00007ffad212e9a4   ................
0x00000087c1bfe370:   000001fa9a2d9b10 00007ffab4a3e10d   ..-.............
0x00000087c1bfe380:   000001faacb5dbe8 000001faa5ba4de8   .........M......
0x00000087c1bfe390:   0000000000000000 000001fa9a2d9b10   ..........-.....
0x00000087c1bfe3a0:   000001fa9a2d9b10 000001fa99bba508   ..-.............

Instructions: (pc=0x00007ffad213180e)
  0x00007ffad213170e:   41 57 48 81 ec 80 01 00 00 48 8b 05 22 91 85 00
  0x00007ffad213171e:   48 33 c4 48 89 84 24 70 01 00 00 0f b6 ac 24 e0
  0x00007ffad213172e:   01 00 00 4d 8b f9 4c 8b ac 24 e8 01 00 00 4d 8b
  0x00007ffad213173e:   e0 40 88 6c 24 30 48 8b f2 4d 85 c0 75 0e 48 8b
  0x00007ffad213174e:   0d 8d c6 8d 00 e8 98 be 3f 00 eb 03 49 8b c4 48
  0x00007ffad213175e:   c7 c3 ff ff ff ff 48 8b d3 48 ff c2 80 3c 10 00
  0x00007ffad213176e:   75 f7 4c 8d 44 24 58 48 8b c8 e8 33 fb 3f 00 48
  0x00007ffad213177e:   8b f8 48 85 c0 74 10 8b 08 66 83 f9 01 75 08 48
  0x00007ffad213178e:   8b c8 e8 0b ce 3f 00 48 ff c3 41 80 3c 1f 00 75
  0x00007ffad213179e:   f6 4c 8d 44 24 5c 8b d3 49 8b cf e8 02 fb 3f 00
  0x00007ffad21317ae:   4c 8b f0 48 85 c0 74 10 8b 08 66 83 f9 01 75 08
  0x00007ffad21317be:   48 8b c8 e8 da cd 3f 00 48 85 ff 0f 84 9d 02 00
  0x00007ffad21317ce:   00 4d 85 f6 0f 84 94 02 00 00 48 8b c6 83 e0 03
  0x00007ffad21317de:   48 83 f8 01 75 12 48 8b 05 ed 3c 83 00 48 8d 4e
  0x00007ffad21317ee:   ff ff d0 48 8b d8 eb 1b 48 83 f8 02 75 12 48 8b
  0x00007ffad21317fe:   05 1d 98 82 00 48 8d 4e fe ff d0 48 8b d8 eb 03
=>0x00007ffad213180e:   48 8b 1e 8b 15 61 c3 89 00 48 8b cb e8 f1 f9 2a
  0x00007ffad213181e:   00 8b 15 53 c3 89 00 48 8b cb 48 8b f0 e8 e0 f9
  0x00007ffad213182e:   2a 00 48 8b ce 48 85 c0 0f 85 c6 00 00 00 49 8b
  0x00007ffad213183e:   9d 90 03 00 00 48 8b 43 18 48 8b 6b 20 48 89 44
  0x00007ffad213184e:   24 38 48 8b 43 28 48 89 44 24 48 48 8b 43 08 48
  0x00007ffad213185e:   89 44 24 40 48 8b 06 ff 90 10 01 00 00 80 7c 24
  0x00007ffad213186e:   30 00 4c 8d 05 f9 97 52 00 4c 8b c8 4c 89 7c 24
  0x00007ffad213187e:   28 48 8d 05 c2 9b 52 00 4c 89 64 24 20 4c 0f 45
  0x00007ffad213188e:   c0 48 8d 15 9a 16 64 00 48 8d 4c 24 60 e8 70 2e
  0x00007ffad213189e:   be ff 4c 8b 0d 79 be 8d 00 48 8d 15 e2 15 64 00
  0x00007ffad21318ae:   49 8b cd 4c 8b 00 4c 89 44 24 20 41 b8 38 04 00
  0x00007ffad21318be:   00 e8 fc c7 e9 ff 48 8b 74 24 38 48 83 3e 00 74
  0x00007ffad21318ce:   15 48 8b 54 24 40 48 8b cb e8 e4 c2 c0 ff 48 8b
  0x00007ffad21318de:   ce e8 bc c2 c0 ff 48 39 6b 20 74 2b 48 8b 44 24
  0x00007ffad21318ee:   48 48 89 43 28 48 89 73 18 48 89 6b 20 33 db e9
  0x00007ffad21318fe:   92 01 00 00 48 8b 06 49 8b d5 ff 90 b0 00 00 00


Stack slot to memory mapping:

stack at sp + 0 slots: 0x0000000000000005 is an unknown value
stack at sp + 1 slots: 0x0 is null
stack at sp + 2 slots: 0x00000000314d3aa0 is pointing into metadata
stack at sp + 3 slots: 0x000001fa99a141f0 points into unknown readable memory: 0x6d6f635f61760a02 | 02 0a 76 61 5f 63 6f 6d
stack at sp + 4 slots: 0x000001fa99bba4e0 points into unknown readable memory: 0x0000000000000000 | 00 00 00 00 00 00 00 00
stack at sp + 5 slots: 0x000001fa99bba520 points into unknown readable memory: 0x000000068e852eb8 | b8 2e 85 8e 06 00 00 00
stack at sp + 6 slots: 0x000001fa99bba500 points into unknown readable memory: 0x000000068facf630 | 30 f6 ac 8f 06 00 00 00
stack at sp + 7 slots: 0x00000000000000d8 is an unknown value

Lock stack of current Java thread (top to bottom):

native method entry point (kind = native)  [0x000001fa8745d120, 0x000001fa8745dc10]  2800 bytes

Loading hsdis library failed, undisassembled code is shown in MachCode section
[MachCode]
  0x000001fa8745d120: 488b 4b08 | 0fb7 492e | 584c 8d74 | ccf8 6800 | 0000 0068 | 0000 0000 | 5055 488b | ec41 5548 
  0x000001fa8745d140: 8b43 084c | 8d68 3848 | 8b40 0868 | 0000 0000 | 5348 8b50 | 1848 8b52 | 7048 8b12 | 5248 8b53 
  0x000001fa8745d160: 1048 85d2 | 7407 4881 | c2d0 0000 | 0052 488b | 5010 5249 | 8bc6 482b | c548 c1e8 | 0350 6800 
  0x000001fa8745d180: 0000 0068 | f7ff ffff | 41c6 87ca | 0400 0001 | 488b 4310 | 4885 c074 | 208b 8890 | 0000 0083 
  0x000001fa8745d1a0: c102 8988 | 9000 0000 | 2388 a400 | 0000 0f84 | ad09 0000 | e9cf 0000 | 0048 8b43 | 1848 85c0 
  0x000001fa8745d1c0: 0f85 b000 | 0000 e805 | 0000 00e9 | 9900 0000 | 488b d348 | 8d44 2408 | 4c89 6dc0 | 498b cfc5 
  0x000001fa8745d1e0: f877 4989 | af20 0400 | 0049 8987 | 1004 0000 | 4883 ec20 | 40f6 c40f | 0f84 1900 | 0000 4883 
  0x000001fa8745d200: ec08 48b8 | 5073 0ad2 | fa7f 0000 | ffd0 4883 | c408 e90c | 0000 0048 | b850 730a | d2fa 7f00 
  0x000001fa8745d220: 00ff d048 | 83c4 2049 | c787 1004 | 0000 0000 | 0000 49c7 | 8720 0400 | 0000 0000 | 0049 c787 
  0x000001fa8745d240: 1804 0000 | 0000 0000 | c5f8 7749 | 837f 0800 | 0f84 0500 | 0000 e985 | 45ff ff4c | 8b6d c04c 
  0x000001fa8745d260: 8b75 c84e | 8d74 f500 | c348 8b43 | 1848 85c0 | 0f84 1200 | 0000 8b48 | 0883 c102 | 8948 0823 
  0x000001fa8745d280: 482c 0f84 | d908 0000 | 493b a750 | 0500 000f | 8748 0000 | 0089 8424 | 00f0 ffff | 8984 2400 
  0x000001fa8745d2a0: e0ff ff89 | 8424 00d0 | ffff 8984 | 2400 c0ff | ff89 8424 | 00b0 ffff | 8984 2400 | a0ff ff89 
  0x000001fa8745d2c0: 8424 0090 | ffff 8984 | 2400 80ff | ff49 3ba7 | 4805 0000 | 7607 4989 | a750 0500 | 0041 c687 
  0x000001fa8745d2e0: ca04 0000 | 0048 8b5d | e84c 8b5b | 0845 0fb7 | 5b2e 41c1 | e303 492b | e348 83ec | 2048 83e4 
  0x000001fa8745d300: f04c 8b5b | 604d 85db | 0f85 ab00 | 0000 e805 | 0000 00e9 | 9900 0000 | 488b d348 | 8d44 2408 
  0x000001fa8745d320: 4c89 6dc0 | 498b cfc5 | f877 4989 | af20 0400 | 0049 8987 | 1004 0000 | 4883 ec20 | 40f6 c40f 
  0x000001fa8745d340: 0f84 1900 | 0000 4883 | ec08 48b8 | 109d 0ad2 | fa7f 0000 | ffd0 4883 | c408 e90c | 0000 0048 
  0x000001fa8745d360: b810 9d0a | d2fa 7f00 | 00ff d048 | 83c4 2049 | c787 1004 | 0000 0000 | 0000 49c7 | 8720 0400 
  0x000001fa8745d380: 0000 0000 | 0049 c787 | 1804 0000 | 0000 0000 | c5f8 7749 | 837f 0800 | 0f84 0500 | 0000 e93d 
  0x000001fa8745d3a0: 44ff ff4c | 8b6d c04c | 8b75 c84e | 8d74 f500 | c348 8b5d | e84c 8b5b | 6041 ffd3 | 488b 5de8 
  0x000001fa8745d3c0: 4889 4518 | 440f b75b | 2c41 f6c3 | 080f 841b | 0000 004c | 8b5b 084d | 8b5b 084d | 8b5b 184d 
  0x000001fa8745d3e0: 8b5b 704d | 8b1b 4c89 | 5d10 488d | 5510 488b | 4358 49ba | b04e 47d2 | fa7f 0000 | 493b c20f 
  0x000001fa8745d400: 85ab 0000 | 00e8 0500 | 0000 e999 | 0000 0048 | 8bd3 488d | 4424 084c | 896d c049 | 8bcf c5f8 
  0x000001fa8745d420: 7749 89af | 2004 0000 | 4989 8710 | 0400 0048 | 83ec 2040 | f6c4 0f0f | 8419 0000 | 0048 83ec 
  0x000001fa8745d440: 0848 b810 | 9d0a d2fa | 7f00 00ff | d048 83c4 | 08e9 0c00 | 0000 48b8 | 109d 0ad2 | fa7f 0000 
  0x000001fa8745d460: ffd0 4883 | c420 49c7 | 8710 0400 | 0000 0000 | 0049 c787 | 2004 0000 | 0000 0000 | 49c7 8718 
  0x000001fa8745d480: 0400 0000 | 0000 00c5 | f877 4983 | 7f08 000f | 8405 0000 | 00e9 4643 | ffff 4c8b | 6dc0 4c8b 
  0x000001fa8745d4a0: 75c8 4e8d | 74f5 00c3 | 488b 5de8 | 488b 4358 | 498d 8f30 | 0400 004c | 8d15 d500 | 0000 4d89 
  0x000001fa8745d4c0: 9718 0400 | 00c5 f877 | 4989 af20 | 0400 0049 | 89a7 1004 | 0000 41c7 | 87ac 0400 | 0004 0000 
  0x000001fa8745d4e0: 0049 3ba7 | a805 0000 | 7607 4989 | a7a8 0500 | 00ff d049 | 3ba7 a805 | 0000 720b | 49c7 87a8 
  0x000001fa8745d500: 0500 0000 | 0000 00c5 | f877 4883 | ec10 c5fb | 1104 2448 | 83ec 1048 | 8904 2448 | c744 2408 
  0x000001fa8745d520: 0000 0000 | 41c7 87ac | 0400 0005 | 0000 00f0 | 8344 24c0 | 0049 3b6f | 280f 870e | 0000 0041 
  0x000001fa8745d540: 83bf a804 | 0000 000f | 8420 0000 | 0049 8bcf | 4c8b e448 | 83ec 2048 | 83e4 f048 | b860 050c 
  0x000001fa8745d560: d2fa 7f00 | 00ff d049 | 8be4 4d33 | e441 c787 | ac04 0000 | 0800 0000 | 4d8b 97c0 | 0500 0049 
  0x000001fa8745d580: 83fa 0074 | 3549 c787 | c005 0000 | 0000 0000 | 41ff e249 | ba60 c145 | 87fa 0100 | 0041 ffd2 
  0x000001fa8745d5a0: 4883 ec10 | c5fb 1104 | 2448 83ec | 1048 8904 | 2448 c744 | 2408 0000 | 0000 49c7 | 8710 0400 
  0x000001fa8745d5c0: 0000 0000 | 0049 c787 | 2004 0000 | 0000 0000 | 49c7 8718 | 0400 0000 | 0000 00c5 | f877 4d8b 
  0x000001fa8745d5e0: 9f90 0400 | 0041 c783 | 0001 0000 | 0000 0000 | 49bb 5aaa | 4587 fa01 | 0000 4c3b | 5d18 0f85 
  0x000001fa8745d600: 5001 0000 | 488b 0424 | 4883 c410 | 4885 c00f | 842a 0100 | 00a8 030f | 8508 0000 | 0048 8b00 
  0x000001fa8745d620: e91a 0100 | 00a8 010f | 8509 0000 | 0048 8b40 | fee9 0901 | 0000 488b | 40ff 4180 | 7f48 000f 
  0x000001fa8745d640: 84fa 0000 | 0048 85c0 | 0f84 f100 | 0000 4d8b | 5f38 4d85 | db74 1449 | 83eb 084d | 895f 384d 
  0x000001fa8745d660: 035f 4049 | 8903 e9d4 | 0000 0048 | 83ec 7048 | 8904 2448 | 894c 2408 | 4889 5424 | 104c 8944 
  0x000001fa8745d680: 2418 4c89 | 4c24 204c | 8954 2428 | 4c89 5c24 | 30c5 fb11 | 4424 40c5 | fb11 4c24 | 48c5 fb11 
  0x000001fa8745d6a0: 5424 50c5 | fb11 5c24 | 58c5 fb11 | 6424 60c5 | fb11 6c24 | 6849 8bd7 | 488b c848 | 83ec 2040 
  0x000001fa8745d6c0: f6c4 0f0f | 8419 0000 | 0048 83ec | 0848 b890 | acfe d1fa | 7f00 00ff | d048 83c4 | 08e9 0c00 
  0x000001fa8745d6e0: 0000 48b8 | 90ac fed1 | fa7f 0000 | ffd0 4883 | c420 c5fb | 106c 2468 | c5fb 1064 | 2460 c5fb 
  0x000001fa8745d700: 105c 2458 | c5fb 1054 | 2450 c5fb | 104c 2448 | c5fb 1044 | 2440 4c8b | 5c24 304c | 8b54 2428 
  0x000001fa8745d720: 4c8b 4c24 | 204c 8b44 | 2418 488b | 5424 1048 | 8b4c 2408 | 488b 0424 | 4883 c470 | c5f8 7748 
  0x000001fa8745d740: 8945 1048 | 83ec 1048 | 8904 2448 | c744 2408 | 0000 0000 | 4183 bf30 | 0500 0002 | 0f85 bf00 
  0x000001fa8745d760: 0000 4881 | ec80 0000 | 0048 8944 | 2478 4889 | 4c24 7048 | 8954 2468 | 4889 5c24 | 6048 896c 
  0x000001fa8745d780: 2450 4889 | 7424 4848 | 897c 2440 | 4c89 4424 | 384c 894c | 2430 4c89 | 5424 284c | 895c 2420 
  0x000001fa8745d7a0: 4c89 6424 | 184c 896c | 2410 4c89 | 7424 084c | 893c 244c | 8be4 4883 | ec20 4883 | e4f0 48b8 
  0x000001fa8745d7c0: 3036 47d2 | fa7f 0000 | ffd0 498b | e44c 8b3c | 244c 8b74 | 2408 4c8b | 6c24 104c | 8b64 2418 
  0x000001fa8745d7e0: 4c8b 5c24 | 204c 8b54 | 2428 4c8b | 4c24 304c | 8b44 2438 | 488b 7c24 | 4048 8b74 | 2448 488b 
  0x000001fa8745d800: 6c24 5048 | 8b5c 2460 | 488b 5424 | 6848 8b4c | 2470 488b | 4424 7848 | 81c4 8000 | 0000 4d33 
  0x000001fa8745d820: e448 8b5d | e84c 8b6b | 084d 8d6d | 3849 837f | 0800 0f84 | bb00 0000 | e805 0000 | 00e9 9600 
  0x000001fa8745d840: 0000 488d | 4424 084c | 896d c049 | 8bcf c5f8 | 7749 89af | 2004 0000 | 4989 8710 | 0400 0048 
  0x000001fa8745d860: 83ec 2040 | f6c4 0f0f | 8419 0000 | 0048 83ec | 0848 b840 | bb0a d2fa | 7f00 00ff | d048 83c4 
  0x000001fa8745d880: 08e9 0c00 | 0000 48b8 | 40bb 0ad2 | fa7f 0000 | ffd0 4883 | c420 49c7 | 8710 0400 | 0000 0000 
  0x000001fa8745d8a0: 0049 c787 | 2004 0000 | 0000 0000 | 49c7 8718 | 0400 0000 | 0000 00c5 | f877 4983 | 7f08 000f 
  0x000001fa8745d8c0: 8405 0000 | 00e9 163f | ffff 4c8b | 6dc0 4c8b | 75c8 4e8d | 74f5 00c3 | 48b9 2872 | 72d2 fa7f 
  0x000001fa8745d8e0: 0000 4883 | e4f0 48b8 | 40e4 33d2 | fa7f 0000 | ffd0 f444 | 0fb7 5b2c | 41f6 c320 | 0f84 7201 
  0x000001fa8745d900: 0000 488d | 55a8 4c8b | 5a08 4d85 | db0f 85bb | 0000 00e8 | 0500 0000 | e996 0000 | 0048 8d44 
  0x000001fa8745d920: 2408 4c89 | 6dc0 498b | cfc5 f877 | 4989 af20 | 0400 0049 | 8987 1004 | 0000 4883 | ec20 40f6 
  0x000001fa8745d940: c40f 0f84 | 1900 0000 | 4883 ec08 | 48b8 70ba | 0ad2 fa7f | 0000 ffd0 | 4883 c408 | e90c 0000 
  0x000001fa8745d960: 0048 b870 | ba0a d2fa | 7f00 00ff | d048 83c4 | 2049 c787 | 1004 0000 | 0000 0000 | 49c7 8720 
  0x000001fa8745d980: 0400 0000 | 0000 0049 | c787 1804 | 0000 0000 | 0000 c5f8 | 7749 837f | 0800 0f84 | 0500 0000 
  0x000001fa8745d9a0: e93b 3eff | ff4c 8b6d | c04c 8b75 | c84e 8d74 | f500 c348 | b928 7272 | d2fa 7f00 | 0048 83e4 
  0x000001fa8745d9c0: f048 b840 | e433 d2fa | 7f00 00ff | d0f4 4c89 | 6dc0 4c8b | 4a08 48c7 | 4208 0000 | 0000 458b 
  0x000001fa8745d9e0: 87c8 0600 | 004f 3b4c | 07f8 0f85 | 4200 0000 | 4183 afc8 | 0600 0008 | 4f3b 4c07 | f00f 842a 
  0x000001fa8745da00: 0000 0049 | 8b01 a802 | 0f85 1200 | 0000 4c8b | c049 83c8 | 01f0 4d0f | b101 0f84 | 0d00 0000 
  0x000001fa8745da20: 4183 87c8 | 0600 0008 | e905 0000 | 00e9 3e00 | 0000 4c89 | 4a08 488b | ca48 83ec | 2040 f6c4 
  0x000001fa8745da40: 0f0f 8419 | 0000 0048 | 83ec 0848 | b8a0 8c0a | d2fa 7f00 | 00ff d048 | 83c4 08e9 | 0c00 0000 
  0x000001fa8745da60: 48b8 a08c | 0ad2 fa7f | 0000 ffd0 | 4883 c420 | 4c8b 6dc0 | 41c6 877e | 0300 0001 | 493b 6f28 
  0x000001fa8745da80: 0f87 0500 | 0000 e9ab | 0000 0048 | 83ec 10c5 | fb11 0424 | 4883 ec10 | 4889 0424 | 48c7 4424 
  0x000001fa8745daa0: 0800 0000 | 00c5 f877 | 4989 af20 | 0400 0049 | baa5 da45 | 87fa 0100 | 004d 8997 | 1804 0000 
  0x000001fa8745dac0: 4989 a710 | 0400 0049 | 8bcf 4883 | ec20 40f6 | c40f 0f84 | 1900 0000 | 4883 ec08 | 48b8 e072 
  0x000001fa8745dae0: 0ad2 fa7f | 0000 ffd0 | 4883 c408 | e90c 0000 | 0048 b8e0 | 720a d2fa | 7f00 00ff | d048 83c4 
  0x000001fa8745db00: 2049 c787 | 1004 0000 | 0000 0000 | 49c7 8720 | 0400 0000 | 0000 0049 | c787 1804 | 0000 0000 
  0x000001fa8745db20: 0000 c5f8 | 7748 8b04 | 2448 83c4 | 10c5 fb10 | 0424 4883 | c410 488b | 0424 4883 | c410 c5fb 
  0x000001fa8745db40: 1004 2448 | 83c4 104c | 8b5d 1841 | ffd3 4c8b | 5df8 c941 | c687 7e03 | 0000 005f | 498b e3ff 
  0x000001fa8745db60: e7ba 0000 | 0000 e805 | 0000 00e9 | 9600 0000 | 488d 4424 | 084c 896d | c049 8bcf | c5f8 7749 
  0x000001fa8745db80: 89af 2004 | 0000 4989 | 8710 0400 | 0048 83ec | 2040 f6c4 | 0f0f 8419 | 0000 0048 | 83ec 0848 
  0x000001fa8745dba0: b8a0 820a | d2fa 7f00 | 00ff d048 | 83c4 08e9 | 0c00 0000 | 48b8 a082 | 0ad2 fa7f | 0000 ffd0 
  0x000001fa8745dbc0: 4883 c420 | 49c7 8710 | 0400 0000 | 0000 0049 | c787 2004 | 0000 0000 | 0000 49c7 | 8718 0400 
  0x000001fa8745dbe0: 0000 0000 | 00c5 f877 | 4983 7f08 | 000f 8405 | 0000 00e9 | e83b ffff | 4c8b 6dc0 | 4c8b 75c8 
  0x000001fa8745dc00: 4e8d 74f5 | 00c3 488b | 5de8 e979 | f6ff ff90 
[/MachCode]

Compiled method (c1) 10064 5529       3       java.security.AccessController::doPrivileged (9 bytes)
 total in heap  [0x000001fa8087b008,0x000001fa8087b2a0] = 664
 main code      [0x000001fa8087b100,0x000001fa8087b260] = 352
 stub code      [0x000001fa8087b260,0x000001fa8087b2a0] = 64
 mutable data [0x000001faa486efd0,0x000001faa486f010] = 64
 relocation     [0x000001faa486efd0,0x000001faa486f008] = 56
 metadata       [0x000001faa486f008,0x000001faa486f010] = 8
 immutable data [0x000001fa9aa0d5a0,0x000001fa9aa0d62c] = 140
 dependencies   [0x000001fa9aa0d5a0,0x000001fa9aa0d5a8] = 8
 nul chk table  [0x000001fa9aa0d5a8,0x000001fa9aa0d5b8] = 16
 scopes pcs     [0x000001fa9aa0d5b8,0x000001fa9aa0d608] = 80
 scopes data    [0x000001fa9aa0d608,0x000001fa9aa0d628] = 32

[Constant Pool (empty)]


Loading hsdis library failed, undisassembled code is shown in MachCode section
[MachCode]
[Verified Entry Point]
  # {method} {0x00000000313a6b90} 'doPrivileged' '(Ljava/security/PrivilegedAction;Ljava/security/AccessControlContext;)Ljava/lang/Object;' in 'java/security/AccessController'
  # parm0:    rdx:rdx   = 'java/security/PrivilegedAction'
  # parm1:    r8:r8     = 'java/security/AccessControlContext'
  #           [sp+0x30]  (sp of caller)
  0x000001fa8087b100: 8984 2400 | 80ff ff55 | 4883 ec20 | 4181 7f20 | 0700 0000 

  0x000001fa8087b114: ;   {runtime_call Stub::Stub Generator method_entry_barrier_stub}
  0x000001fa8087b114: 7405 e865 

  0x000001fa8087b118: ;   {metadata(method data for {method} {0x00000000313a6b90} 'doPrivileged' '(Ljava/security/PrivilegedAction;Ljava/security/AccessControlContext;)Ljava/lang/Object;' in 'java/security/AccessController')}
  0x000001fa8087b118: 8fc0 0648 | be80 c47d | 96fa 0100 | 008b be90 | 0000 0083 | c702 89be | 9000 0000 | 81e7 fe07 
  0x000001fa8087b138: 0000 85ff | 0f84 ba00 | 0000 483b | 0248 8bf2 

  0x000001fa8087b148: ;   {metadata(method data for {method} {0x00000000313a6b90} 'doPrivileged' '(Ljava/security/PrivilegedAction;Ljava/security/AccessControlContext;)Ljava/lang/Object;' in 'java/security/AccessController')}
  0x000001fa8087b148: 48bf 80c4 | 7d96 fa01 | 0000 8b76 | 0841 ba00 | 0000 3149 | 03f2 483b | b7e0 0000 | 0075 0d48 
  0x000001fa8087b168: 8387 e800 | 0000 01e9 | 6000 0000 | 483b b7f0 | 0000 0075 | 0d48 8387 | f800 0000 | 01e9 4a00 
  0x000001fa8087b188: 0000 4883 | bfe0 0000 | 0000 7517 | 4889 b7e0 | 0000 0048 | c787 e800 | 0000 0100 | 0000 e929 
  0x000001fa8087b1a8: 0000 0048 | 83bf f000 | 0000 0075 | 1748 89b7 | f000 0000 | 48c7 87f8 | 0000 0001 | 0000 00e9 
  0x000001fa8087b1c8: 0800 0000 | 4883 87d8 | 0000 0001 | 9048 b830 | 0867 a5fa 

  0x000001fa8087b1dc: ;   {virtual_call}
  0x000001fa8087b1dc: 0100 00e8 

  0x000001fa8087b1e0: ; ImmutableOopMap {}
                      ;*invokeinterface run {reexecute=0 rethrow=0 return_oop=0}
                      ; - java.security.AccessController::doPrivileged@1 (line 138)
  0x000001fa8087b1e0: 84f2 cf06 

  0x000001fa8087b1e4: ;   {post_call_nop}
  0x000001fa8087b1e4: 0f1f 8400 | dc01 0000 | 4883 c420 

  0x000001fa8087b1f0: ;   {poll_return}
  0x000001fa8087b1f0: 5d49 3b67 | 280f 8727 | 0000 00c3 

  0x000001fa8087b1fc: ;   {metadata({method} {0x00000000313a6b90} 'doPrivileged' '(Ljava/security/PrivilegedAction;Ljava/security/AccessControlContext;)Ljava/lang/Object;' in 'java/security/AccessController')}
  0x000001fa8087b1fc: 49ba 886b | 3a31 0000 | 0000 4c89 | 5424 0848 | c704 24ff 

  0x000001fa8087b210: ;   {runtime_call C1 Runtime counter_overflow_blob}
  0x000001fa8087b210: ffff ffe8 

  0x000001fa8087b214: ; ImmutableOopMap {rdx=Oop r8=Oop }
                      ;*synchronization entry
                      ; - java.security.AccessController::doPrivileged@-1 (line 138)
  0x000001fa8087b214: 485a cf06 | e925 ffff 

  0x000001fa8087b21c: ;   {runtime_call C1 Runtime throw_null_pointer_exception_blob}
  0x000001fa8087b21c: ffe8 3efa 

  0x000001fa8087b220: ; ImmutableOopMap {rdx=Oop }
                      ;*invokeinterface run {reexecute=0 rethrow=0 return_oop=0}
                      ; - java.security.AccessController::doPrivileged@1 (line 138)
                      ;   {internal_word}
  0x000001fa8087b220: ce06 49ba | f1b1 8780 | fa01 0000 | 4d89 97b8 

  0x000001fa8087b230: ;   {runtime_call SafepointBlob}
  0x000001fa8087b230: 0400 00e9 | 2860 c206 | 498b 8768 | 0500 0049 | c787 6805 | 0000 0000 | 0000 49c7 | 8770 0500 
  0x000001fa8087b250: 0000 0000 | 0048 83c4 

  0x000001fa8087b258: ;   {runtime_call C1 Runtime unwind_exception_blob}
  0x000001fa8087b258: 205d e901 | ebce 06f4 
[Stub Code]
  0x000001fa8087b260: ;   {other}
  0x000001fa8087b260: 0f1f 4400 

  0x000001fa8087b264: ;   {static_stub}
  0x000001fa8087b264: 0048 bb00 | 0000 0000 

  0x000001fa8087b26c: ;   {runtime_call nmethod}
  0x000001fa8087b26c: 0000 00e9 | fbff ffff 
[Exception Handler]
  0x000001fa8087b274: ;   {runtime_call C1 Runtime handle_exception_from_callee_blob}
  0x000001fa8087b274: e867 1bcf 

  0x000001fa8087b278: ;   {external_word}
  0x000001fa8087b278: 0648 b928 | 7272 d2fa | 7f00 0048 

  0x000001fa8087b284: ;   {runtime_call}
  0x000001fa8087b284: 83e4 f048 | b840 e433 | d2fa 7f00 | 00ff d0f4 

  0x000001fa8087b294: ;   {runtime_call DeoptimizationBlob}
  0x000001fa8087b294: e8c7 62c2 | 06eb f9f4 | f4f4 f4f4 
[/MachCode]


---------------  P R O C E S S  ---------------

Threads class SMR info:
_java_thread_list=0x000001faa5d4b510, length=53, elements={
0x000001faef1bf710, 0x000001fafd7e9d20, 0x000001fafd7ea620, 0x000001fafd7ecb10,
0x000001fafd7ed620, 0x000001fafd7f01f0, 0x000001fafd7f3230, 0x000001fafd801c40,
0x000001fafd819820, 0x000001fafd81a840, 0x000001fafd7f5940, 0x000001fafd7f6110,
0x000001fafd7f68e0, 0x000001fa9934f0a0, 0x000001fa993517b0, 0x000001fa99354e60,
0x000001fa99f9ce00, 0x000001fa99f9e570, 0x000001fa99f9d5d0, 0x000001fa99354690,
0x000001fa9a2d9b10, 0x000001fa9a2db280, 0x000001fa99fa04b0, 0x000001fa9ab42170,
0x000001fa9ab438e0, 0x000001fa9ab45050, 0x000001fa9a3e65a0, 0x000001fa9a3e5dd0,
0x000001fa9a3e5600, 0x000001fa9a3e9c50, 0x000001fa9a3eb3c0, 0x000001faa19eaf50,
0x000001faa19ec6c0, 0x000001faa1b867b0, 0x000001faa1b838d0, 0x000001faa1b88ec0,
0x000001faa5fa48a0, 0x000001faa1b0ba00, 0x000001faa1b0f270, 0x000001faa5df3990,
0x000001faa5df8f80, 0x000001faa5dfaec0, 0x000001faa5df87b0, 0x000001fa9ab419a0,
0x000001faa1b0a9e0, 0x000001faa1b0ea60, 0x000001faa1b112b0, 0x000001faa1bde8d0,
0x000001faa1bdb220, 0x000001faa1be1f80, 0x000001faa587fd10, 0x000001faa5881c50,
0x000001faa1b132f0
}

Java Threads: ( => current thread )
  0x000001faef1bf710 JavaThread "main"                              [_thread_blocked, id=21372, stack(0x00000087bfe00000,0x00000087bff00000) (1024K)]
  0x000001fafd7e9d20 JavaThread "Reference Handler"          daemon [_thread_blocked, id=7492, stack(0x00000087c0700000,0x00000087c0800000) (1024K)]
  0x000001fafd7ea620 JavaThread "Finalizer"                  daemon [_thread_blocked, id=10868, stack(0x00000087c0800000,0x00000087c0900000) (1024K)]
  0x000001fafd7ecb10 JavaThread "Signal Dispatcher"          daemon [_thread_blocked, id=36372, stack(0x00000087c0900000,0x00000087c0a00000) (1024K)]
  0x000001fafd7ed620 JavaThread "Attach Listener"            daemon [_thread_blocked, id=22280, stack(0x00000087c0a00000,0x00000087c0b00000) (1024K)]
  0x000001fafd7f01f0 JavaThread "Service Thread"             daemon [_thread_blocked, id=14208, stack(0x00000087c0b00000,0x00000087c0c00000) (1024K)]
  0x000001fafd7f3230 JavaThread "Monitor Deflation Thread"   daemon [_thread_blocked, id=8712, stack(0x00000087c0c00000,0x00000087c0d00000) (1024K)]
  0x000001fafd801c40 JavaThread "C2 CompilerThread0"         daemon [_thread_blocked, id=27148, stack(0x00000087c0d00000,0x00000087c0e00000) (1024K)]
  0x000001fafd819820 JavaThread "C1 CompilerThread0"         daemon [_thread_blocked, id=34716, stack(0x00000087c0e00000,0x00000087c0f00000) (1024K)]
  0x000001fafd81a840 JavaThread "C1 CompilerThread1"         daemon [_thread_blocked, id=23288, stack(0x00000087c0f00000,0x00000087c1000000) (1024K)]
  0x000001fafd7f5940 JavaThread "Common-Cleaner"             daemon [_thread_blocked, id=23744, stack(0x00000087c1200000,0x00000087c1300000) (1024K)]
  0x000001fafd7f6110 JavaThread "Monitor Ctrl-Break"         daemon [_thread_in_native, id=23316, stack(0x00000087c1300000,0x00000087c1400000) (1024K)]
  0x000001fafd7f68e0 JavaThread "Notification Thread"        daemon [_thread_blocked, id=11768, stack(0x00000087c1400000,0x00000087c1500000) (1024K)]
  0x000001fa9934f0a0 JavaThread "JavaFX-Launcher"                   [_thread_blocked, id=21496, stack(0x00000087c1500000,0x00000087c1600000) (1024K)]
  0x000001fa993517b0 JavaThread "RMI TCP Accept-0"           daemon [_thread_in_native, id=37176, stack(0x00000087c1e00000,0x00000087c1f00000) (1024K)]
  0x000001fa99354e60 JavaThread "RMI TCP Connection(1)-192.168.100.9" daemon [_thread_in_native, id=2288, stack(0x00000087c1f00000,0x00000087c2000000) (1024K)]
  0x000001fa99f9ce00 JavaThread "RMI Scheduler(0)"           daemon [_thread_blocked, id=11216, stack(0x00000087c2000000,0x00000087c2100000) (1024K)]
  0x000001fa99f9e570 JavaThread "JMX server connection timeout 47" daemon [_thread_blocked, id=5712, stack(0x00000087c2100000,0x00000087c2200000) (1024K)]
  0x000001fa99f9d5d0 JavaThread "QuantumRenderer-0"          daemon [_thread_blocked, id=35252, stack(0x00000087c2200000,0x00000087c2300000) (1024K)]
  0x000001fa99354690 JavaThread "InvokeLaterDispatcher"      daemon [_thread_blocked, id=23232, stack(0x00000087c1100000,0x00000087c1200000) (1024K)]
=>0x000001fa9a2d9b10 JavaThread "JavaFX Application Thread"         [_thread_in_vm, id=13552, stack(0x00000087c1b00000,0x00000087c1c00000) (1024K)]
  0x000001fa9a2db280 JavaThread "Thread-2"                   daemon [_thread_in_native, id=9640, stack(0x00000087c1d00000,0x00000087c1e00000) (1024K)]
  0x000001fa99fa04b0 JavaThread "mysql-cj-abandoned-connection-cleanup" daemon [_thread_blocked, id=27224, stack(0x00000087c2700000,0x00000087c2800000) (1024K)]
  0x000001fa9ab42170 JavaThread "Thread-3"                   daemon [_thread_blocked, id=5164, stack(0x00000087c3200000,0x00000087c3300000) (1024K)]
  0x000001fa9ab438e0 JavaThread "Thread-4"                   daemon [_thread_blocked, id=10628, stack(0x00000087c3300000,0x00000087c3400000) (1024K)]
  0x000001fa9ab45050 JavaThread "Thread-5"                   daemon [_thread_blocked, id=23136, stack(0x00000087c3400000,0x00000087c3500000) (1024K)]
  0x000001fa9a3e65a0 JavaThread "Thread-6"                   daemon [_thread_blocked, id=35832, stack(0x00000087c3500000,0x00000087c3600000) (1024K)]
  0x000001fa9a3e5dd0 JavaThread "Thread-7"                   daemon [_thread_blocked, id=22240, stack(0x00000087c3600000,0x00000087c3700000) (1024K)]
  0x000001fa9a3e5600 JavaThread "Thread-8"                   daemon [_thread_blocked, id=24680, stack(0x00000087c3700000,0x00000087c3800000) (1024K)]
  0x000001fa9a3e9c50 JavaThread "Thread-9"                   daemon [_thread_blocked, id=26408, stack(0x00000087c3800000,0x00000087c3900000) (1024K)]
  0x000001fa9a3eb3c0 JavaThread "Thread-10"                  daemon [_thread_blocked, id=22464, stack(0x00000087c3900000,0x00000087c3a00000) (1024K)]
  0x000001faa19eaf50 JavaThread "Thread-11"                  daemon [_thread_blocked, id=13044, stack(0x00000087c3a00000,0x00000087c3b00000) (1024K)]
  0x000001faa19ec6c0 JavaThread "Thread-12"                  daemon [_thread_blocked, id=11076, stack(0x00000087c3b00000,0x00000087c3c00000) (1024K)]
  0x000001faa1b867b0 JavaThread "Prism Font Disposer"        daemon [_thread_blocked, id=15520, stack(0x00000087c4000000,0x00000087c4100000) (1024K)]
  0x000001faa1b838d0 JavaThread "Keep-Alive-Timer"           daemon [_thread_blocked, id=29236, stack(0x00000087c4100000,0x00000087c4200000) (1024K)]
  0x000001faa1b88ec0 JavaThread "InnocuousThread-1"          daemon [_thread_blocked, id=11864, stack(0x00000087c4500000,0x00000087c4600000) (1024K)]
  0x000001faa5fa48a0 JavaThread "Cleaner-0"                  daemon [_thread_blocked, id=38868, stack(0x00000087c4b30000,0x00000087c4c30000) (1024K)]
  0x000001faa1b0ba00 JavaThread "C1 CompilerThread2"         daemon [_thread_blocked, id=34880, stack(0x00000087c1000000,0x00000087c1100000) (1024K)]
  0x000001faa1b0f270 JavaThread "C2 CompilerThread1"         daemon [_thread_blocked, id=17212, stack(0x00000087c2900000,0x00000087c2a00000) (1024K)]
  0x000001faa5df3990 JavaThread "Disposer"                   daemon [_thread_blocked, id=17144, stack(0x00000087c3100000,0x00000087c3200000) (1024K)]
  0x000001faa5df8f80 JavaThread "VirtualThread-unblocker"    daemon [_thread_blocked, id=21784, stack(0x00000087c4200000,0x00000087c4300000) (1024K)]
  0x000001faa5dfaec0 JavaThread "ForkJoinPool-1-worker-1"    daemon [_thread_in_native, id=35716, stack(0x00000087c4300000,0x00000087c4400000) (1024K)]
  0x000001faa5df87b0 JavaThread "URL-Loader-1"               daemon [_thread_blocked, id=16076, stack(0x00000087c4400000,0x00000087c4500000) (1024K)]
  0x000001fa9ab419a0 JavaThread "ForkJoinPool-1-worker-2"    daemon [_thread_blocked, id=32560, stack(0x00000087c4640000,0x00000087c4740000) (1024K)]
  0x000001faa1b0a9e0 JavaThread "C1 CompilerThread3"         daemon [_thread_blocked, id=19412, stack(0x00000087c4740000,0x00000087c4840000) (1024K)]
  0x000001faa1b0ea60 JavaThread "C2 CompilerThread2"         daemon [_thread_blocked, id=3524, stack(0x00000087c4840000,0x00000087c4940000) (1024K)]
  0x000001faa1b112b0 JavaThread "C2 CompilerThread3"         daemon [_thread_blocked, id=35040, stack(0x00000087c4940000,0x00000087c4a40000) (1024K)]
  0x000001faa1bde8d0 JavaThread "Thread-14"                  daemon [_thread_in_native, id=20672, stack(0x00000087c4c30000,0x00000087c4d30000) (1024K)]
  0x000001faa1bdb220 JavaThread "HttpClient-1-Worker-0"      daemon [_thread_blocked, id=19508, stack(0x00000087c4d30000,0x00000087c4e30000) (1024K)]
  0x000001faa1be1f80 JavaThread "HttpClient-1-Worker-1"      daemon [_thread_blocked, id=22996, stack(0x00000087c4e30000,0x00000087c4f30000) (1024K)]
  0x000001faa587fd10 JavaThread "HttpClient-1-Worker-2"      daemon [_thread_blocked, id=13176, stack(0x00000087c5630000,0x00000087c5730000) (1024K)]
  0x000001faa5881c50 JavaThread "HttpClient-1-Worker-3"      daemon [_thread_blocked, id=36380, stack(0x00000087c5730000,0x00000087c5830000) (1024K)]
  0x000001faa1b132f0 JavaThread "C2 CompilerThread4"         daemon [_thread_blocked, id=25792, stack(0x00000087c5830000,0x00000087c5930000) (1024K)]
Total: 53

Other Threads:
  0x000001fafd7d8340 VMThread "VM Thread"                           [id=38732, stack(0x00000087c0600000,0x00000087c0700000) (1024K)] _threads_hazard_ptr=0x000001faa5d4b510
  0x000001faef234d10 WatcherThread "VM Periodic Task Thread"        [id=28128, stack(0x00000087c0500000,0x00000087c0600000) (1024K)]
  0x000001faef21d700 WorkerThread "GC Thread#0"                     [id=13428, stack(0x00000087bff00000,0x00000087c0000000) (1024K)]
  0x000001fa9982bd80 WorkerThread "GC Thread#1"                     [id=35668, stack(0x00000087c1600000,0x00000087c1700000) (1024K)]
  0x000001fa9982c1a0 WorkerThread "GC Thread#2"                     [id=12576, stack(0x00000087c1700000,0x00000087c1800000) (1024K)]
  0x000001fa9982c5c0 WorkerThread "GC Thread#3"                     [id=23544, stack(0x00000087c1800000,0x00000087c1900000) (1024K)]
  0x000001fa9a102520 WorkerThread "GC Thread#4"                     [id=33380, stack(0x00000087c2400000,0x00000087c2500000) (1024K)]
  0x000001fa9a103210 WorkerThread "GC Thread#5"                     [id=35972, stack(0x00000087c2500000,0x00000087c2600000) (1024K)]
  0x000001fa9a102970 WorkerThread "GC Thread#6"                     [id=11108, stack(0x00000087c2a00000,0x00000087c2b00000) (1024K)]
  0x000001fa9a103660 WorkerThread "GC Thread#7"                     [id=11916, stack(0x00000087c2b00000,0x00000087c2c00000) (1024K)]
  0x000001fa9a103ab0 WorkerThread "GC Thread#8"                     [id=23224, stack(0x00000087c2c00000,0x00000087c2d00000) (1024K)]
  0x000001fa9a103f00 WorkerThread "GC Thread#9"                     [id=24080, stack(0x00000087c2d00000,0x00000087c2e00000) (1024K)]
  0x000001fa9a6e8c80 WorkerThread "GC Thread#10"                    [id=7912, stack(0x00000087c2e00000,0x00000087c2f00000) (1024K)]
  0x000001fa9a6e76f0 WorkerThread "GC Thread#11"                    [id=10236, stack(0x00000087c2f00000,0x00000087c3000000) (1024K)]
  0x000001fa9a6e83e0 WorkerThread "GC Thread#12"                    [id=8556, stack(0x00000087c3000000,0x00000087c3100000) (1024K)]
  0x000001faef231030 ConcurrentGCThread "G1 Main Marker"            [id=21984, stack(0x00000087c0000000,0x00000087c0100000) (1024K)]
  0x000001faef2328a0 WorkerThread "G1 Conc#0"                       [id=35168, stack(0x00000087c0100000,0x00000087c0200000) (1024K)]
  0x000001fa9997b6d0 WorkerThread "G1 Conc#1"                       [id=16204, stack(0x00000087c1900000,0x00000087c1a00000) (1024K)]
  0x000001fa9997baf0 WorkerThread "G1 Conc#2"                       [id=31556, stack(0x00000087c1a00000,0x00000087c1b00000) (1024K)]
  0x000001fafd6945d0 WorkerThread "G1 Refinement Workers#0"         [id=35284, stack(0x00000087c0300000,0x00000087c0400000) (1024K)]
  0x000001fafd694010 ConcurrentGCThread "G1 Refine Control"         [id=24904, stack(0x00000087c0200000,0x00000087c0300000) (1024K)]
  0x000001fafd69cb50 ConcurrentGCThread "G1 Service"                [id=34892, stack(0x00000087c0400000,0x00000087c0500000) (1024K)]
Total: 22

Threads with active compile tasks:
Total: 0

VM state: not at safepoint (normal execution)

VM Mutex/Monitor currently owned by a thread: None

Heap address: 0x000000068c000000, size: 5952 MB, Compressed Oops mode: Zero based, Oop shift amount: 3

CDS archive(s) mapped at: [0x0000000031000000-0x0000000031de0000-0x0000000031de0000), size 14548992, SharedBaseAddress: 0x0000000031000000, ArchiveRelocationMode: 1.
Compressed class space mapped at: 0x0000000032000000-0x0000000072000000, reserved size: 1073741824
UseCompressedClassPointers 1, UseCompactObjectHeaders 0
Narrow klass pointer bits 32, Max shift 3
Narrow klass base: 0x0000000031000000, Narrow klass shift: 0
Encoding Range: [0x0000000031000000 - 0x0000000131000000), (4294967296 bytes)
Klass Range:    [0x0000000031000000 - 0x0000000072000000), (1090519040 bytes)
Klass ID Range:  [8 - 1090519033) (1090519025)
Protection zone: [0x0000000031000000 - 0x0000000031010000), (65536 bytes)

GC Precious Log:
 CardTable entry size: 512
 Card Set container configuration: InlinePtr #cards 4 size 8 Array Of Cards #cards 32 size 80 Howl #buckets 8 coarsen threshold 7372 Howl Bitmap #cards 1024 size 144 coarsen threshold 921 Card regions per heap region 1 cards per card region 8192
 CPUs: 16 total, 16 available
 Memory: 23805M
 Large Page Support: Disabled
 NUMA Support: Disabled
 Compressed Oops: Enabled (Zero based)
 Heap Region Size: 4M
 Heap Min Capacity: 8M
 Heap Initial Capacity: 8M
 Heap Max Capacity: 5952M
 Pre-touch: Disabled
 Parallel Workers: 13
 Concurrent Workers: 3
 Concurrent Refinement Workers: 13
 Periodic GC: Disabled

Heap:
 garbage-first heap   total reserved 6094848K, committed 65536K, used 36074K [0x000000068c000000, 0x0000000800000000)
  region size 4M, 6 eden (24M), 1 survivor (4M), 5 old (20M), 0 humongous (0M), 4 free (16M)

Heap Regions: E=young(eden), S=young(survivor), O=old, HS=humongous(starts), HC=humongous(continues), CS=collection set, F=free, TAMS=top-at-mark-start, PB=parsable bottom
|    0|0x000000068c000000, 0x000000068c400000, 0x000000068c400000|100%| O|  |TAMS 0x000000068c000000| PB 0x000000068c000000| Untracked |  0
|    1|0x000000068c400000, 0x000000068c800000, 0x000000068c800000|100%| O|  |TAMS 0x000000068c400000| PB 0x000000068c400000| Untracked |  0
|    2|0x000000068c800000, 0x000000068cc00000, 0x000000068cc00000|100%| O|  |TAMS 0x000000068c800000| PB 0x000000068c800000| Untracked |  0
|    3|0x000000068cc00000, 0x000000068d000000, 0x000000068d000000|100%| O|  |TAMS 0x000000068cc00000| PB 0x000000068cc00000| Untracked |  0
|    4|0x000000068d000000, 0x000000068d2e79d8, 0x000000068d400000| 72%| O|  |TAMS 0x000000068d000000| PB 0x000000068d000000| Untracked |  0
|    5|0x000000068d400000, 0x000000068d400000, 0x000000068d800000|  0%| F|  |TAMS 0x000000068d400000| PB 0x000000068d400000| Untracked |  0
|    6|0x000000068d800000, 0x000000068d800000, 0x000000068dc00000|  0%| F|  |TAMS 0x000000068d800000| PB 0x000000068d800000| Untracked |  0
|    7|0x000000068dc00000, 0x000000068dc53190, 0x000000068e000000|  8%| S|CS|TAMS 0x000000068dc00000| PB 0x000000068dc00000| Complete  |  0
|    8|0x000000068e000000, 0x000000068e000000, 0x000000068e400000|  0%| F|  |TAMS 0x000000068e000000| PB 0x000000068e000000| Untracked |  0
|    9|0x000000068e400000, 0x000000068e400000, 0x000000068e800000|  0%| F|  |TAMS 0x000000068e400000| PB 0x000000068e400000| Untracked |  0
|   10|0x000000068e800000, 0x000000068ea4b750, 0x000000068ec00000| 57%| E|CS|TAMS 0x000000068e800000| PB 0x000000068e800000| Complete  |  0
|   11|0x000000068ec00000, 0x000000068f000000, 0x000000068f000000|100%| E|CS|TAMS 0x000000068ec00000| PB 0x000000068ec00000| Complete  |  0
|   12|0x000000068f000000, 0x000000068f400000, 0x000000068f400000|100%| E|CS|TAMS 0x000000068f000000| PB 0x000000068f000000| Complete  |  0
|   13|0x000000068f400000, 0x000000068f800000, 0x000000068f800000|100%| E|CS|TAMS 0x000000068f400000| PB 0x000000068f400000| Complete  |  0
|   14|0x000000068f800000, 0x000000068fc00000, 0x000000068fc00000|100%| E|CS|TAMS 0x000000068f800000| PB 0x000000068f800000| Complete  |  0
| 1487|0x00000007ffc00000, 0x0000000800000000, 0x0000000800000000|100%| E|CS|TAMS 0x00000007ffc00000| PB 0x00000007ffc00000| Complete  |  0

Card table byte_map: [0x000001faf9f30000,0x000001fafaad0000] _byte_map_base: 0x000001faf6ad0000
Refinement table byte_map: [0x000001faf9390000,0x000001faf9f30000] _byte_map_base: 0x000001faf5f30000

Marking Bits: (CMBitMap*) 0x000001faef21de80
 Bits: [0x000001fa8f000000, 0x000001fa94d00000)

Polling page: 0x000001faed040000

Metaspace:
Metaspace        used 34998K, committed 35328K, reserved 1114112K
 class space     used 4714K, committed 4864K, reserved 1048576K

Usage:
  Non-class:     29.57 MB used.
      Class:      4.60 MB used.
       Both:     34.18 MB used.

Virtual space:
  Non-class space:       64.00 MB reserved,      29.75 MB ( 46%) committed,  1 nodes.
      Class space:        1.00 GB reserved,       4.75 MB ( <1%) committed,  1 nodes.
             Both:        1.06 GB reserved,      34.50 MB (  3%) committed. 

Chunk freelists:
   Non-Class:  2.06 MB
       Class:  11.14 MB
        Both:  13.20 MB

MaxMetaspaceSize: unlimited
CompressedClassSpaceSize: 1.00 GB
Initial GC threshold: 21.00 MB
Current GC threshold: 50.12 MB
CDS: on
 - commit_granule_bytes: 65536.
 - commit_granule_words: 8192.
 - virtual_space_node_default_size: 8388608.
 - enlarge_chunks_in_place: 1.
UseCompressedClassPointers 1, UseCompactObjectHeaders 0
Narrow klass pointer bits 32, Max shift 3
Narrow klass base: 0x0000000031000000, Narrow klass shift: 0
Encoding Range: [0x0000000031000000 - 0x0000000131000000), (4294967296 bytes)
Klass Range:    [0x0000000031000000 - 0x0000000072000000), (1090519040 bytes)
Klass ID Range:  [8 - 1090519033) (1090519025)
Protection zone: [0x0000000031000000 - 0x0000000031010000), (65536 bytes)


Internal statistics:

num_allocs_failed_limit: 3.
num_arena_births: 424.
num_arena_deaths: 0.
num_vsnodes_births: 2.
num_vsnodes_deaths: 0.
num_space_committed: 552.
num_space_uncommitted: 0.
num_chunks_returned_to_freelist: 3.
num_chunks_taken_from_freelist: 1369.
num_chunk_merges: 3.
num_chunk_splits: 892.
num_chunks_enlarged: 633.
num_inconsistent_stats: 0.

CodeHeap 'non-profiled nmethods': size=119232Kb used=2424Kb max_used=2424Kb free=116807Kb
 bounds [0x000001fa87b90000, 0x000001fa87e00000, 0x000001fa8f000000]
CodeHeap 'profiled nmethods': size=119104Kb used=9906Kb max_used=9906Kb free=109197Kb
 bounds [0x000001fa80000000, 0x000001fa809b0000, 0x000001fa87450000]
CodeHeap 'non-nmethods': size=7424Kb used=3618Kb max_used=3754Kb free=3805Kb
 bounds [0x000001fa87450000, 0x000001fa87810000, 0x000001fa87b90000]
CodeCache: size=245760Kb, used=15948Kb, max_used=16084Kb, free=229809Kb
 total_blobs=7308, nmethods=6266, adapters=943, full_count=0
Compilation: enabled, stopped_count=0, restarted_count=0

Compilation events (20 events):
Event: 9.839 Thread 0x000001faa1b112b0 6507       4       sun.security.util.math.intpoly.IntegerPolynomial::carryValue (17 bytes)
Event: 9.839 Thread 0x000001faa1b112b0 nmethod 6507 0x000001fa87dc8a08 code [0x000001fa87dc8b00, 0x000001fa87dc8b80]
Event: 9.839 Thread 0x000001faa1b112b0 6514       4       java.lang.Thread::isVirtual (5 bytes)
Event: 9.839 Thread 0x000001faa1b112b0 nmethod 6514 0x000001fa87dc8d08 code [0x000001fa87dc8e00, 0x000001fa87dc8e90]
Event: 9.839 Thread 0x000001faa1b112b0 6505       4       sun.invoke.util.VerifyAccess::isClassAccessible (230 bytes)
Event: 9.840 Thread 0x000001fafd81a840 6516       1       jdk.internal.net.http.common.DebugLogger::on (5 bytes)
Event: 9.840 Thread 0x000001fafd81a840 nmethod 6516 0x000001fa87dc9008 code [0x000001fa87dc9100, 0x000001fa87dc91b8]
Event: 9.840 Thread 0x000001fafd81a840 6517       1       java.util.concurrent.atomic.AtomicLong::get (5 bytes)
Event: 9.840 Thread 0x000001fafd81a840 nmethod 6517 0x000001fa87dc9308 code [0x000001fa87dc9400, 0x000001fa87dc94c0]
Event: 9.850 Thread 0x000001faa1b112b0 nmethod 6505 0x000001fa87dc9608 code [0x000001fa87dc9700, 0x000001fa87dca300]
Event: 9.850 Thread 0x000001faa1b112b0 6515       4       java.util.AbstractSet::<init> (5 bytes)
Event: 9.850 Thread 0x000001faa1b112b0 nmethod 6515 0x000001fa87dca308 code [0x000001fa87dca400, 0x000001fa87dca468]
Event: 9.867 Thread 0x000001fafd81a840 6521       3       jdk.internal.classfile.impl.AbstractPoolEntry$NameAndTypeEntryImpl::name (8 bytes)
Event: 9.867 Thread 0x000001fafd81a840 nmethod 6521 0x000001fa8097b208 code [0x000001fa8097b300, 0x000001fa8097b4e8]
Event: 9.868 Thread 0x000001fafd81a840 6523       3       java.lang.Math::floorDiv (30 bytes)
Event: 9.868 Thread 0x000001fafd81a840 nmethod 6523 0x000001fa8097b508 code [0x000001fa8097b600, 0x000001fa8097b7c0]
Event: 9.868 Thread 0x000001fafd81a840 6524       3       java.math.BigInteger::<init> (94 bytes)
Event: 9.869 Thread 0x000001fafd81a840 nmethod 6524 0x000001fa8097b808 code [0x000001fa8097b900, 0x000001fa8097c228]
Event: 9.869 Thread 0x000001faa1b112b0 6525       4       java.nio.ByteBuffer::flip (7 bytes)
Event: 9.870 Thread 0x000001faa1b112b0 nmethod 6525 0x000001fa87dcb208 code [0x000001fa87dcb300, 0x000001fa87dcb378]

GC Heap Usage History (20 events):
Event: 0.388 {heap Before GC invocations=4 (full 0):
 garbage-first heap   total reserved 6094848K, committed 20480K, used 8904K [0x000000068c000000, 0x0000000800000000)
  region size 4M, 1 eden (4M), 1 survivor (4M), 2 old (8M), 0 humongous (0M), 1 free (4M)
}
Event: 0.390 {heap After GC invocations=5 (full 0):
 garbage-first heap   total reserved 6094848K, committed 36864K, used 8678K [0x000000068c000000, 0x0000000800000000)
  region size 4M, 0 eden (0M), 1 survivor (4M), 2 old (8M), 0 humongous (0M), 6 free (24M)
}
Event: 0.929 {heap Before GC invocations=5 (full 0):
 garbage-first heap   total reserved 6094848K, committed 36864K, used 20966K [0x000000068c000000, 0x0000000800000000)
  region size 4M, 3 eden (12M), 1 survivor (4M), 2 old (8M), 0 humongous (0M), 3 free (12M)
}
Event: 0.930 {heap After GC invocations=6 (full 0):
 garbage-first heap   total reserved 6094848K, committed 36864K, used 5989K [0x000000068c000000, 0x0000000800000000)
  region size 4M, 0 eden (0M), 1 survivor (4M), 1 old (4M), 0 humongous (0M), 7 free (28M)
}
Event: 1.156 {heap Before GC invocations=6 (full 0):
 garbage-first heap   total reserved 6094848K, committed 36864K, used 18277K [0x000000068c000000, 0x0000000800000000)
  region size 4M, 4 eden (16M), 1 survivor (4M), 1 old (4M), 0 humongous (0M), 3 free (12M)
}
Event: 1.159 {heap After GC invocations=7 (full 0):
 garbage-first heap   total reserved 6094848K, committed 36864K, used 8479K [0x000000068c000000, 0x0000000800000000)
  region size 4M, 0 eden (0M), 1 survivor (4M), 2 old (8M), 0 humongous (0M), 6 free (24M)
}
Event: 1.418 {heap Before GC invocations=7 (full 0):
 garbage-first heap   total reserved 6094848K, committed 36864K, used 12575K [0x000000068c000000, 0x0000000800000000)
  region size 4M, 2 eden (8M), 1 survivor (4M), 2 old (8M), 0 humongous (0M), 4 free (16M)
}
Event: 1.421 {heap After GC invocations=8 (full 0):
 garbage-first heap   total reserved 6094848K, committed 36864K, used 10526K [0x000000068c000000, 0x0000000800000000)
  region size 4M, 0 eden (0M), 1 survivor (4M), 3 old (12M), 0 humongous (0M), 5 free (20M)
}
Event: 1.529 {heap Before GC invocations=9 (full 0):
 garbage-first heap   total reserved 6094848K, committed 36864K, used 18718K [0x000000068c000000, 0x0000000800000000)
  region size 4M, 3 eden (12M), 1 survivor (4M), 3 old (12M), 0 humongous (0M), 2 free (8M)
}
Event: 1.531 {heap After GC invocations=10 (full 0):
 garbage-first heap   total reserved 6094848K, committed 36864K, used 12370K [0x000000068c000000, 0x0000000800000000)
  region size 4M, 0 eden (0M), 1 survivor (4M), 3 old (12M), 0 humongous (0M), 5 free (20M)
}
Event: 1.715 {heap Before GC invocations=10 (full 0):
 garbage-first heap   total reserved 6094848K, committed 36864K, used 20562K [0x000000068c000000, 0x0000000800000000)
  region size 4M, 3 eden (12M), 1 survivor (4M), 3 old (12M), 0 humongous (0M), 2 free (8M)
}
Event: 1.717 {heap After GC invocations=11 (full 0):
 garbage-first heap   total reserved 6094848K, committed 36864K, used 13759K [0x000000068c000000, 0x0000000800000000)
  region size 4M, 0 eden (0M), 1 survivor (4M), 3 old (12M), 0 humongous (0M), 5 free (20M)
}
Event: 1.803 {heap Before GC invocations=11 (full 0):
 garbage-first heap   total reserved 6094848K, committed 36864K, used 21951K [0x000000068c000000, 0x0000000800000000)
  region size 4M, 3 eden (12M), 1 survivor (4M), 3 old (12M), 0 humongous (0M), 2 free (8M)
}
Event: 1.805 {heap After GC invocations=12 (full 0):
 garbage-first heap   total reserved 6094848K, committed 36864K, used 14445K [0x000000068c000000, 0x0000000800000000)
  region size 4M, 0 eden (0M), 1 survivor (4M), 3 old (12M), 0 humongous (0M), 5 free (20M)
}
Event: 2.016 {heap Before GC invocations=12 (full 0):
 garbage-first heap   total reserved 6094848K, committed 36864K, used 22637K [0x000000068c000000, 0x0000000800000000)
  region size 4M, 3 eden (12M), 1 survivor (4M), 3 old (12M), 0 humongous (0M), 2 free (8M)
}
Event: 2.020 {heap After GC invocations=13 (full 0):
 garbage-first heap   total reserved 6094848K, committed 36864K, used 16907K [0x000000068c000000, 0x0000000800000000)
  region size 4M, 0 eden (0M), 1 survivor (4M), 4 old (16M), 0 humongous (0M), 4 free (16M)
}
Event: 2.127 {heap Before GC invocations=13 (full 0):
 garbage-first heap   total reserved 6094848K, committed 36864K, used 21003K [0x000000068c000000, 0x0000000800000000)
  region size 4M, 2 eden (8M), 1 survivor (4M), 4 old (16M), 0 humongous (0M), 2 free (8M)
}
Event: 2.130 {heap After GC invocations=14 (full 0):
 garbage-first heap   total reserved 6094848K, committed 36864K, used 19449K [0x000000068c000000, 0x0000000800000000)
  region size 4M, 0 eden (0M), 1 survivor (4M), 5 old (20M), 0 humongous (0M), 3 free (12M)
}
Event: 6.008 {heap Before GC invocations=14 (full 0):
 garbage-first heap   total reserved 6094848K, committed 36864K, used 23545K [0x000000068c000000, 0x0000000800000000)
  region size 4M, 1 eden (4M), 1 survivor (4M), 5 old (20M), 0 humongous (0M), 2 free (8M)
}
Event: 6.009 {heap After GC invocations=15 (full 0):
 garbage-first heap   total reserved 6094848K, committed 65536K, used 19690K [0x000000068c000000, 0x0000000800000000)
  region size 4M, 0 eden (0M), 1 survivor (4M), 5 old (20M), 0 humongous (0M), 10 free (40M)
}

Metaspace Usage History (20 events):
Event: 0.388 {metaspace Before GC invocations=4 (full 0):
 Metaspace       used 5870K, committed 6080K, reserved 1114112K
  class space    used 601K, committed 704K, reserved 1048576K
}
Event: 0.390 {metaspace After GC invocations=5 (full 0):
 Metaspace       used 5870K, committed 6080K, reserved 1114112K
  class space    used 601K, committed 704K, reserved 1048576K
}
Event: 0.929 {metaspace Before GC invocations=5 (full 0):
 Metaspace       used 11489K, committed 11776K, reserved 1114112K
  class space    used 1405K, committed 1536K, reserved 1048576K
}
Event: 0.930 {metaspace After GC invocations=6 (full 0):
 Metaspace       used 11489K, committed 11776K, reserved 1114112K
  class space    used 1405K, committed 1536K, reserved 1048576K
}
Event: 1.156 {metaspace Before GC invocations=6 (full 0):
 Metaspace       used 15568K, committed 15808K, reserved 1114112K
  class space    used 1994K, committed 2112K, reserved 1048576K
}
Event: 1.159 {metaspace After GC invocations=7 (full 0):
 Metaspace       used 15568K, committed 15808K, reserved 1114112K
  class space    used 1994K, committed 2112K, reserved 1048576K
}
Event: 1.418 {metaspace Before GC invocations=7 (full 0):
 Metaspace       used 21270K, committed 21504K, reserved 1114112K
  class space    used 2679K, committed 2816K, reserved 1048576K
}
Event: 1.421 {metaspace After GC invocations=8 (full 0):
 Metaspace       used 21270K, committed 21504K, reserved 1114112K
  class space    used 2679K, committed 2816K, reserved 1048576K
}
Event: 1.529 {metaspace Before GC invocations=9 (full 0):
 Metaspace       used 22722K, committed 22912K, reserved 1114112K
  class space    used 2845K, committed 2944K, reserved 1048576K
}
Event: 1.531 {metaspace After GC invocations=10 (full 0):
 Metaspace       used 22722K, committed 22912K, reserved 1114112K
  class space    used 2845K, committed 2944K, reserved 1048576K
}
Event: 1.715 {metaspace Before GC invocations=10 (full 0):
 Metaspace       used 25463K, committed 25728K, reserved 1114112K
  class space    used 3346K, committed 3456K, reserved 1048576K
}
Event: 1.717 {metaspace After GC invocations=11 (full 0):
 Metaspace       used 25463K, committed 25728K, reserved 1114112K
  class space    used 3346K, committed 3456K, reserved 1048576K
}
Event: 1.803 {metaspace Before GC invocations=11 (full 0):
 Metaspace       used 27106K, committed 27456K, reserved 1114112K
  class space    used 3738K, committed 3904K, reserved 1048576K
}
Event: 1.805 {metaspace After GC invocations=12 (full 0):
 Metaspace       used 27106K, committed 27456K, reserved 1114112K
  class space    used 3738K, committed 3904K, reserved 1048576K
}
Event: 2.016 {metaspace Before GC invocations=12 (full 0):
 Metaspace       used 28584K, committed 28864K, reserved 1114112K
  class space    used 3912K, committed 4032K, reserved 1048576K
}
Event: 2.020 {metaspace After GC invocations=13 (full 0):
 Metaspace       used 28584K, committed 28864K, reserved 1114112K
  class space    used 3912K, committed 4032K, reserved 1048576K
}
Event: 2.127 {metaspace Before GC invocations=13 (full 0):
 Metaspace       used 29679K, committed 29952K, reserved 1114112K
  class space    used 4043K, committed 4160K, reserved 1048576K
}
Event: 2.130 {metaspace After GC invocations=14 (full 0):
 Metaspace       used 29679K, committed 29952K, reserved 1114112K
  class space    used 4043K, committed 4160K, reserved 1048576K
}
Event: 6.008 {metaspace Before GC invocations=14 (full 0):
 Metaspace       used 30472K, committed 30784K, reserved 1114112K
  class space    used 4080K, committed 4224K, reserved 1048576K
}
Event: 6.009 {metaspace After GC invocations=15 (full 0):
 Metaspace       used 30472K, committed 30784K, reserved 1114112K
  class space    used 4080K, committed 4224K, reserved 1048576K
}

Dll operation events (20 events):
Event: 0.404 Attempting to load shared library C:\Users\HB\.openjfx\cache\21.0.2+5\amd64\vcruntime140.dll
Event: 0.404 Loaded shared library C:\Users\HB\.openjfx\cache\21.0.2+5\amd64\vcruntime140.dll
Event: 0.407 Attempting to load shared library C:\Users\HB\.openjfx\cache\21.0.2+5\amd64\vcruntime140_1.dll
Event: 0.408 Loaded shared library C:\Users\HB\.openjfx\cache\21.0.2+5\amd64\vcruntime140_1.dll
Event: 0.415 Attempting to load shared library C:\Users\HB\.openjfx\cache\21.0.2+5\amd64\msvcp140.dll
Event: 0.416 Loaded shared library C:\Users\HB\.openjfx\cache\21.0.2+5\amd64\msvcp140.dll
Event: 0.418 Attempting to load shared library C:\Users\HB\.openjfx\cache\21.0.2+5\amd64\msvcp140_1.dll
Event: 0.419 Loaded shared library C:\Users\HB\.openjfx\cache\21.0.2+5\amd64\msvcp140_1.dll
Event: 0.424 Attempting to load shared library C:\Users\HB\.openjfx\cache\21.0.2+5\amd64\msvcp140_2.dll
Event: 0.425 Loaded shared library C:\Users\HB\.openjfx\cache\21.0.2+5\amd64\msvcp140_2.dll
Event: 0.500 Attempting to load shared library C:\Users\HB\.openjfx\cache\21.0.2+5\amd64\prism_d3d.dll
Event: 0.502 Loaded shared library C:\Users\HB\.openjfx\cache\21.0.2+5\amd64\prism_d3d.dll
Event: 0.661 Attempting to load shared library C:\Users\HB\.openjfx\cache\21.0.2+5\amd64\glass.dll
Event: 0.662 Loaded shared library C:\Users\HB\.openjfx\cache\21.0.2+5\amd64\glass.dll
Event: 1.007 Attempting to load shared library C:\Users\HB\.openjfx\cache\21.0.2+5\amd64\javafx_font.dll
Event: 1.007 Loaded shared library C:\Users\HB\.openjfx\cache\21.0.2+5\amd64\javafx_font.dll
Event: 1.229 Attempting to load shared library C:\Users\HB\.jdks\openjdk-26\bin\sunmscapi.dll
Event: 1.230 Loaded shared library C:\Users\HB\.jdks\openjdk-26\bin\sunmscapi.dll
Event: 9.384 Attempting to load shared library C:\Users\HB\.openjfx\cache\21.0.2+5\amd64\jfxwebkit.dll
Event: 9.588 Loaded shared library C:\Users\HB\.openjfx\cache\21.0.2+5\amd64\jfxwebkit.dll

Deoptimization events (20 events):
Event: 9.839 Thread 0x000001faa1bdb220 DEOPT PACKING pc=0x000001fa87d9f54c sp=0x00000087c4e2e4e0
Event: 9.839 Thread 0x000001faa1be1f80 DEOPT PACKING pc=0x000001fa87d9f54c sp=0x00000087c4f2eb30
Event: 9.839 Thread 0x000001faa1bdb220 DEOPT UNPACKING pc=0x000001fa87572282 sp=0x00000087c4e2e4c0 mode 2
Event: 9.839 Thread 0x000001faa1be1f80 DEOPT UNPACKING pc=0x000001fa87572282 sp=0x00000087c4f2eb10 mode 2
Event: 9.864 Thread 0x000001fa9a3e65a0 Uncommon trap: trap_request=0xffffffde fr.pc=0x000001fa87d9f54c relative=0x00000000000001cc
Event: 9.864 Thread 0x000001fa9a3e65a0 Uncommon trap: reason=class_check action=maybe_recompile pc=0x000001fa87d9f54c method=java.nio.ByteBuffer.put(Ljava/nio/ByteBuffer;)Ljava/nio/ByteBuffer; @ 10 c2
Event: 9.864 Thread 0x000001fa9a3e65a0 DEOPT PACKING pc=0x000001fa87d9f54c sp=0x00000087c35fe4b0
Event: 9.865 Thread 0x000001fa9a3e65a0 DEOPT UNPACKING pc=0x000001fa87572282 sp=0x00000087c35fe490 mode 2
Event: 9.867 Thread 0x000001faa5dfaec0 Uncommon trap: trap_request=0xffffff45 fr.pc=0x000001fa87d9e5cc relative=0x000000000000014c
Event: 9.867 Thread 0x000001faa5dfaec0 Uncommon trap: reason=unstable_if action=reinterpret pc=0x000001fa87d9e5cc method=jdk.internal.misc.Unsafe.copyMemory(Ljava/lang/Object;JLjava/lang/Object;JJ)V @ 16 c2
Event: 9.867 Thread 0x000001faa5dfaec0 DEOPT PACKING pc=0x000001fa87d9e5cc sp=0x00000087c43fe250
Event: 9.867 Thread 0x000001faa5dfaec0 DEOPT UNPACKING pc=0x000001fa87572282 sp=0x00000087c43fe218 mode 2
Event: 9.869 Thread 0x000001faa1be1f80 Uncommon trap: trap_request=0xffffffc6 fr.pc=0x000001fa87ca68a4 relative=0x0000000000000124
Event: 9.869 Thread 0x000001faa1be1f80 Uncommon trap: reason=bimorphic_or_optimized_type_check action=maybe_recompile pc=0x000001fa87ca68a4 method=java.util.Collections$UnmodifiableList.get(I)Ljava/lang/Object; @ 5 c2
Event: 9.869 Thread 0x000001faa1be1f80 DEOPT PACKING pc=0x000001fa87ca68a4 sp=0x00000087c4f2ec80
Event: 9.869 Thread 0x000001faa1be1f80 DEOPT UNPACKING pc=0x000001fa87572282 sp=0x00000087c4f2ec18 mode 2
Event: 9.870 Thread 0x000001faa1bdb220 Uncommon trap: trap_request=0xffffffc6 fr.pc=0x000001fa87ca68a4 relative=0x0000000000000124
Event: 9.870 Thread 0x000001faa1bdb220 Uncommon trap: reason=bimorphic_or_optimized_type_check action=maybe_recompile pc=0x000001fa87ca68a4 method=java.util.Collections$UnmodifiableList.get(I)Ljava/lang/Object; @ 5 c2
Event: 9.870 Thread 0x000001faa1bdb220 DEOPT PACKING pc=0x000001fa87ca68a4 sp=0x00000087c4e2e630
Event: 9.870 Thread 0x000001faa1bdb220 DEOPT UNPACKING pc=0x000001fa87572282 sp=0x00000087c4e2e5c8 mode 2

Classes loaded (20 events):
Event: 9.838 Loading class sun/security/ssl/Ciphertext done
Event: 9.838 Loading class javax/net/ssl/SSLEngineResult$Status
Event: 9.838 Loading class javax/net/ssl/SSLEngineResult$Status done
Event: 9.838 Loading class javax/net/ssl/SSLEngineResult
Event: 9.838 Loading class javax/net/ssl/SSLEngineResult done
Event: 9.839 Loading class sun/nio/ch/IOVecWrapper
Event: 9.839 Loading class sun/nio/ch/IOVecWrapper done
Event: 9.839 Loading class sun/nio/ch/IOVecWrapper$1
Event: 9.839 Loading class sun/nio/ch/IOVecWrapper$1 done
Event: 9.839 Loading class sun/nio/ch/AllocatedNativeObject
Event: 9.839 Loading class sun/nio/ch/NativeObject
Event: 9.840 Loading class sun/nio/ch/NativeObject done
Event: 9.840 Loading class sun/nio/ch/AllocatedNativeObject done
Event: 9.865 Loading class java/util/Collections$UnmodifiableMap$UnmodifiableEntrySet$1
Event: 9.865 Loading class java/util/Collections$UnmodifiableMap$UnmodifiableEntrySet$1 done
Event: 9.867 Loading class sun/security/ssl/SSLEngineImpl$DelegatedTask
Event: 9.867 Loading class sun/security/ssl/SSLEngineImpl$DelegatedTask done
Event: 9.870 Loading class sun/security/ssl/CertStatusExtension$CertStatusResponseSpec
Event: 9.870 Loading class sun/security/ssl/CertStatusExtension$CertStatusResponseSpec done
Event: 9.870 Loading class sun/security/ssl/CertStatusExtension$OCSPStatusResponse

Classes unloaded (0 events):
No events

Classes redefined (0 events):
No events

Internal exceptions (20 events):
Event: 9.720 Thread 0x000001faa1bde8d0 Exception <a 'sun/nio/fs/WindowsException'{0x000000068f292090}> (0x000000068f292090) 
thrown [s\open\src\hotspot\share\prims\jni.cpp, line 514]
Event: 9.721 Thread 0x000001fa9a2d9b10 Exception <a 'java/lang/NoSuchMethodError'{0x000000068f2b4778}: 'java.lang.Object java.lang.invoke.DelegatingMethodHandle$Holder.reinvoke_L(java.lang.Object, java.lang.Object, long, int, int, java.lang.Object, double, int)'> (0x000000068f2b4778) 
thrown [s\open\src\hotspot\share\interpreter\linkResolver.cpp, line 804]
Event: 9.792 Thread 0x000001faa1bdb220 Exception <a 'java/lang/NoSuchMethodError'{0x000000068ec35230}: 'java.lang.Object java.lang.invoke.DirectMethodHandle$Holder.invokeSpecial(java.lang.Object, java.lang.Object, java.lang.Object, java.lang.Object, java.lang.Object, int)'> (0x000000068ec35230) 
thrown [s\open\src\hotspot\share\interpreter\linkResolver.cpp, line 804]
Event: 9.792 Thread 0x000001faa1be1f80 Exception <a 'java/lang/NoSuchMethodError'{0x000000068ec3dce0}: 'java.lang.Object java.lang.invoke.DirectMethodHandle$Holder.invokeSpecial(java.lang.Object, java.lang.Object, java.lang.Object, java.lang.Object, java.lang.Object, int)'> (0x000000068ec3dce0) 
thrown [s\open\src\hotspot\share\interpreter\linkResolver.cpp, line 804]
Event: 9.792 Thread 0x000001faa1be1f80 Exception <a 'java/lang/NoSuchMethodError'{0x000000068ec586f0}: 'java.lang.Object java.lang.invoke.Invokers$Holder.linkToTargetMethod(java.lang.Object, java.lang.Object, int, java.lang.Object)'> (0x000000068ec586f0) 
thrown [s\open\src\hotspot\share\interpreter\linkResolver.cpp, line 804]
Event: 9.792 Thread 0x000001faa1bdb220 Exception <a 'java/lang/NoSuchMethodError'{0x000000068ec4fd70}: 'java.lang.Object java.lang.invoke.Invokers$Holder.linkToTargetMethod(java.lang.Object, java.lang.Object, int, java.lang.Object)'> (0x000000068ec4fd70) 
thrown [s\open\src\hotspot\share\interpreter\linkResolver.cpp, line 804]
Event: 9.794 Thread 0x000001faa1bdb220 Implicit null exception at 0x000001fa87d918ac to 0x000001fa87d919b8
Event: 9.794 Thread 0x000001faa1be1f80 Implicit null exception at 0x000001fa87d918ac to 0x000001fa87d919b8
Event: 9.796 Thread 0x000001faa1bdb220 Exception <a 'java/lang/NoSuchMethodError'{0x000000068ec93278}: 'void java.lang.invoke.DirectMethodHandle$Holder.invokeInterface(java.lang.Object, java.lang.Object, java.lang.Object)'> (0x000000068ec93278) 
thrown [s\open\src\hotspot\share\interpreter\linkResolver.cpp, line 804]
Event: 9.796 Thread 0x000001faa1be1f80 Exception <a 'java/lang/NoSuchMethodError'{0x000000068ec900c8}: 'void java.lang.invoke.DirectMethodHandle$Holder.invokeInterface(java.lang.Object, java.lang.Object, java.lang.Object)'> (0x000000068ec900c8) 
thrown [s\open\src\hotspot\share\interpreter\linkResolver.cpp, line 804]
Event: 9.797 Thread 0x000001faa1be1f80 Exception <a 'java/lang/IncompatibleClassChangeError'{0x000000068eca28f0}: Found class java.lang.Object, but interface was expected> (0x000000068eca28f0) 
thrown [s\open\src\hotspot\share\interpreter\linkResolver.cpp, line 871]
Event: 9.797 Thread 0x000001faa1bdb220 Exception <a 'java/lang/IncompatibleClassChangeError'{0x000000068ec9b258}: Found class java.lang.Object, but interface was expected> (0x000000068ec9b258) 
thrown [s\open\src\hotspot\share\interpreter\linkResolver.cpp, line 871]
Event: 9.828 Thread 0x000001faa5dfaec0 Exception <a 'java/lang/NoSuchMethodError'{0x000000068ed657f8}: 'int java.lang.invoke.DirectMethodHandle$Holder.invokeStatic(java.lang.Object, int, java.lang.Object)'> (0x000000068ed657f8) 
thrown [s\open\src\hotspot\share\interpreter\linkResolver.cpp, line 804]
Event: 9.829 Thread 0x000001faa5dfaec0 Exception <a 'java/lang/NoSuchMethodError'{0x000000068ee71058}: 'void java.lang.invoke.DirectMethodHandle$Holder.invokeStatic(java.lang.Object, java.lang.Object, int)'> (0x000000068ee71058) 
thrown [s\open\src\hotspot\share\interpreter\linkResolver.cpp, line 804]
Event: 9.836 Thread 0x000001faa5dfaec0 Exception <a 'java/lang/NoSuchMethodError'{0x000000068eea0438}: 'long java.lang.invoke.DirectMethodHandle$Holder.invokeStatic(java.lang.Object, long, long)'> (0x000000068eea0438) 
thrown [s\open\src\hotspot\share\interpreter\linkResolver.cpp, line 804]
Event: 9.836 Thread 0x000001faa1be1f80 Exception <a 'java/lang/NoSuchMethodError'{0x000000068ef5e1d0}: 'long java.lang.invoke.DirectMethodHandle$Holder.invokeStatic(java.lang.Object, long, long)'> (0x000000068ef5e1d0) 
thrown [s\open\src\hotspot\share\interpreter\linkResolver.cpp, line 804]
Event: 9.836 Thread 0x000001faa1bdb220 Exception <a 'java/lang/NoSuchMethodError'{0x000000068ef61ee0}: 'long java.lang.invoke.DirectMethodHandle$Holder.invokeStatic(java.lang.Object, long, long)'> (0x000000068ef61ee0) 
thrown [s\open\src\hotspot\share\interpreter\linkResolver.cpp, line 804]
Event: 9.866 Thread 0x000001fa9a2d9b10 Exception <a 'java/lang/NoSuchMethodError'{0x000000068e836db0}: 'java.lang.Object java.lang.invoke.DelegatingMethodHandle$Holder.reinvoke_L(java.lang.Object, java.lang.Object, double, double, java.lang.Object)'> (0x000000068e836db0) 
thrown [s\open\src\hotspot\share\interpreter\linkResolver.cpp, line 804]
Event: 9.869 Thread 0x000001fa9a2d9b10 Exception <a 'java/lang/NoClassDefFoundError'{0x000000068e852be0}: netscape/javascript/JSObject> (0x000000068e852be0) 
thrown [s\open\src\hotspot\share\classfile\systemDictionary.cpp, line 318]
Event: 9.869 Thread 0x000001fa9a2d9b10 Exception <a 'java/lang/NoClassDefFoundError'{0x000000068e856680}: netscape/javascript/JSObject> (0x000000068e856680) 
thrown [s\open\src\hotspot\share\classfile\systemDictionary.cpp, line 318]

VM Operations (20 events):
Event: 2.157 Executing non-safepoint VM operation: HandshakeAllThreads (Deoptimize)
Event: 2.157 Executing non-safepoint VM operation: HandshakeAllThreads (Deoptimize) done
Event: 6.008 Executing safepoint VM operation: G1CollectForAllocation (G1 Evacuation Pause)
Event: 6.009 Executing safepoint VM operation: G1CollectForAllocation (G1 Evacuation Pause) done
Event: 6.019 Executing safepoint VM operation: G1PauseRemark
Event: 6.021 Executing safepoint VM operation: G1PauseRemark done
Event: 6.024 Executing safepoint VM operation: G1PauseCleanup
Event: 6.025 Executing safepoint VM operation: G1PauseCleanup done
Event: 9.053 Executing non-safepoint VM operation: HandshakeAllThreads (Deoptimize)
Event: 9.053 Executing non-safepoint VM operation: HandshakeAllThreads (Deoptimize) done
Event: 9.610 Executing non-safepoint VM operation: HandshakeAllThreads (Deoptimize)
Event: 9.610 Executing non-safepoint VM operation: HandshakeAllThreads (Deoptimize) done
Event: 9.620 Executing non-safepoint VM operation: HandshakeAllThreads (Deoptimize)
Event: 9.620 Executing non-safepoint VM operation: HandshakeAllThreads (Deoptimize) done
Event: 9.652 Executing non-safepoint VM operation: HandshakeAllThreads (Deoptimize)
Event: 9.652 Executing non-safepoint VM operation: HandshakeAllThreads (Deoptimize) done
Event: 9.679 Executing non-safepoint VM operation: HandshakeAllThreads (Deoptimize)
Event: 9.679 Executing non-safepoint VM operation: HandshakeAllThreads (Deoptimize) done
Event: 9.722 Executing non-safepoint VM operation: HandshakeAllThreads (Deoptimize)
Event: 9.722 Executing non-safepoint VM operation: HandshakeAllThreads (Deoptimize) done

Memory protections (0 events):
No events

Nmethod flushes (20 events):
Event: 6.021 Thread 0x000001fafd7d8340 flushing  nmethod 0x000001fa8004ab08
Event: 6.021 Thread 0x000001fafd7d8340 flushing  nmethod 0x000001fa8004b608
Event: 6.021 Thread 0x000001fafd7d8340 flushing  nmethod 0x000001fa8004c808
Event: 6.021 Thread 0x000001fafd7d8340 flushing  nmethod 0x000001fa8004f388
Event: 6.021 Thread 0x000001fafd7d8340 flushing  nmethod 0x000001fa800b5f88
Event: 6.021 Thread 0x000001fafd7d8340 flushing  nmethod 0x000001fa800b6308
Event: 6.021 Thread 0x000001fafd7d8340 flushing  nmethod 0x000001fa800f6608
Event: 6.021 Thread 0x000001fafd7d8340 flushing  nmethod 0x000001fa80123808
Event: 6.021 Thread 0x000001fafd7d8340 flushing  nmethod 0x000001fa80126408
Event: 6.021 Thread 0x000001fafd7d8340 flushing  nmethod 0x000001fa8015fc88
Event: 6.021 Thread 0x000001fafd7d8340 flushing  nmethod 0x000001fa8015ff88
Event: 6.021 Thread 0x000001fafd7d8340 flushing  nmethod 0x000001fa801fb488
Event: 6.021 Thread 0x000001fafd7d8340 flushing  nmethod 0x000001fa802d5d08
Event: 6.021 Thread 0x000001fafd7d8340 flushing  nmethod 0x000001fa802d6b08
Event: 6.021 Thread 0x000001fafd7d8340 flushing  nmethod 0x000001fa802d7308
Event: 6.021 Thread 0x000001fafd7d8340 flushing  nmethod 0x000001fa802d7f88
Event: 6.021 Thread 0x000001fafd7d8340 flushing  nmethod 0x000001fa802d8d08
Event: 6.021 Thread 0x000001fafd7d8340 flushing  nmethod 0x000001fa802daa88
Event: 6.021 Thread 0x000001fafd7d8340 flushing  nmethod 0x000001fa802db108
Event: 6.021 Thread 0x000001fafd7d8340 flushing  nmethod 0x000001fa8035a808

Events (20 events):
Event: 8.984 Thread 0x000001fafd81a840 Thread added: 0x000001faa1b0a9e0
Event: 8.986 Thread 0x000001fafd819820 Thread added: 0x000001faa1b0ea60
Event: 9.285 Thread 0x000001faa1b0ea60 Thread exited: 0x000001faa1b0ea60
Event: 9.379 Thread 0x000001fafd801c40 Thread added: 0x000001faa1b0f270
Event: 9.602 Thread 0x000001faa1b0a9e0 Thread exited: 0x000001faa1b0a9e0
Event: 9.616 Thread 0x000001fa9a2d9b10 Thread added: 0x000001faa5df3990
Event: 9.680 Thread 0x000001fa9a2d9b10 Thread added: 0x000001faa5df8f80
Event: 9.682 Thread 0x000001fa9a2d9b10 Thread added: 0x000001faa5dfaec0
Event: 9.683 Thread 0x000001fa9a2d9b10 Thread added: 0x000001faa5df87b0
Event: 9.683 Thread 0x000001faa5dfaec0 Thread added: 0x000001fa9ab419a0
Event: 9.706 Thread 0x000001faa1b0ba00 Thread added: 0x000001faa1b0a9e0
Event: 9.707 Thread 0x000001fafd81a840 Thread added: 0x000001faa1b0ea60
Event: 9.710 Thread 0x000001faa1b0ba00 Thread added: 0x000001faa1b112b0
Event: 9.720 Thread 0x000001faa1bde8d0 Thread added: 0x000001faa1bde8d0
Event: 9.732 Thread 0x000001fa9a2d9b10 Thread added: 0x000001faa1bdb220
Event: 9.734 Thread 0x000001fa9a2d9b10 Thread added: 0x000001faa1be1f80
Event: 9.817 Thread 0x000001fa9a3e65a0 Thread added: 0x000001faa587ed70
Event: 9.817 Thread 0x000001faa587ed70 Thread exited: 0x000001faa587ed70
Event: 9.837 Thread 0x000001faa5dfaec0 Thread added: 0x000001faa587fd10
Event: 9.837 Thread 0x000001faa5dfaec0 Thread added: 0x000001faa5881c50


Dynamic libraries:
0x00007ff7abd20000 - 0x00007ff7abd2e000 	C:\Users\HB\.jdks\openjdk-26\bin\java.exe
0x00007ffbb35e0000 - 0x00007ffbb3847000 	C:\WINDOWS\SYSTEM32\ntdll.dll
0x00007ffbb2120000 - 0x00007ffbb21e9000 	C:\WINDOWS\System32\KERNEL32.DLL
0x00007ffbb0d60000 - 0x00007ffbb1154000 	C:\WINDOWS\System32\KERNELBASE.dll
0x00007ffbb03a0000 - 0x00007ffbb04eb000 	C:\WINDOWS\System32\ucrtbase.dll
0x00007ffb2b650000 - 0x00007ffb2b667000 	C:\Users\HB\.jdks\openjdk-26\bin\jli.dll
0x00007ffb14f30000 - 0x00007ffb14f4e000 	C:\Users\HB\.jdks\openjdk-26\bin\VCRUNTIME140.dll
0x00007ffbb2ac0000 - 0x00007ffbb2c85000 	C:\WINDOWS\System32\USER32.dll
0x00007ffbb1160000 - 0x00007ffbb1187000 	C:\WINDOWS\System32\win32u.dll
0x00007ffb928f0000 - 0x00007ffb92b83000 	C:\WINDOWS\WinSxS\amd64_microsoft.windows.common-controls_6595b64144ccf1df_6.0.26100.8115_none_3e075c82e3354f9c\COMCTL32.dll
0x00007ffbb2c90000 - 0x00007ffbb2d39000 	C:\WINDOWS\System32\msvcrt.dll
0x00007ffbb1790000 - 0x00007ffbb17bb000 	C:\WINDOWS\System32\GDI32.dll
0x00007ffbb1240000 - 0x00007ffbb136b000 	C:\WINDOWS\System32\gdi32full.dll
0x00007ffbb0020000 - 0x00007ffbb00c3000 	C:\WINDOWS\System32\msvcp_win.dll
0x00007ffbb29e0000 - 0x00007ffbb2a12000 	C:\WINDOWS\System32\IMM32.DLL
0x00007ffb6a4e0000 - 0x00007ffb6a4ec000 	C:\Users\HB\.jdks\openjdk-26\bin\vcruntime140_1.dll
0x00007ffad2af0000 - 0x00007ffad2b7d000 	C:\Users\HB\.jdks\openjdk-26\bin\msvcp140.dll
0x00007ffad1c20000 - 0x00007ffad2aee000 	C:\Users\HB\.jdks\openjdk-26\bin\server\jvm.dll
0x00007ffbb2d70000 - 0x00007ffbb2e26000 	C:\WINDOWS\System32\ADVAPI32.dll
0x00007ffbb1660000 - 0x00007ffbb1707000 	C:\WINDOWS\System32\sechost.dll
0x00007ffbb1540000 - 0x00007ffbb1658000 	C:\WINDOWS\System32\RPCRT4.dll
0x00007ffbb2a30000 - 0x00007ffbb2ab0000 	C:\WINDOWS\System32\WS2_32.dll
0x00007ffbaee10000 - 0x00007ffbaee6e000 	C:\WINDOWS\SYSTEM32\POWRPROF.dll
0x00007ffba10c0000 - 0x00007ffba10f6000 	C:\WINDOWS\SYSTEM32\WINMM.dll
0x00007ffba9770000 - 0x00007ffba977b000 	C:\WINDOWS\SYSTEM32\VERSION.dll
0x00007ffbaedf0000 - 0x00007ffbaee04000 	C:\WINDOWS\SYSTEM32\UMPDC.dll
0x00007ffbaecb0000 - 0x00007ffbaeccb000 	C:\WINDOWS\SYSTEM32\kernel.appcore.dll
0x00007ffb3f140000 - 0x00007ffb3f14a000 	C:\Users\HB\.jdks\openjdk-26\bin\jimage.dll
0x00007ffb9aa10000 - 0x00007ffb9ac52000 	C:\WINDOWS\SYSTEM32\DBGHELP.DLL
0x00007ffbb2fd0000 - 0x00007ffbb3352000 	C:\WINDOWS\System32\combase.dll
0x00007ffbb2900000 - 0x00007ffbb29d8000 	C:\WINDOWS\System32\OLEAUT32.dll
0x00007ffb90050000 - 0x00007ffb9008b000 	C:\WINDOWS\SYSTEM32\dbgcore.DLL
0x00007ffbb1190000 - 0x00007ffbb1235000 	C:\WINDOWS\System32\bcryptPrimitives.dll
0x00007ffb3b050000 - 0x00007ffb3b060000 	C:\Users\HB\.jdks\openjdk-26\bin\instrument.dll
0x00007ffb05a10000 - 0x00007ffb05a2f000 	C:\Users\HB\.jdks\openjdk-26\bin\java.dll
0x00007ffbb2e30000 - 0x00007ffbb2fc7000 	C:\WINDOWS\System32\ole32.dll
0x00007ffbb17c0000 - 0x00007ffbb1f27000 	C:\WINDOWS\System32\SHELL32.dll
0x00007ffbafeb0000 - 0x00007ffbb001a000 	C:\WINDOWS\System32\wintypes.dll
0x00007ffbb04f0000 - 0x00007ffbb0d58000 	C:\WINDOWS\System32\windows.storage.dll
0x00007ffbb1fb0000 - 0x00007ffbb20a8000 	C:\WINDOWS\System32\SHCORE.dll
0x00007ffbb14d0000 - 0x00007ffbb1536000 	C:\WINDOWS\System32\shlwapi.dll
0x00007ffbafdd0000 - 0x00007ffbafdf9000 	C:\WINDOWS\SYSTEM32\profapi.dll
0x00007ffb04a00000 - 0x00007ffb04a17000 	C:\Users\HB\.jdks\openjdk-26\bin\zip.dll
0x00007ffb05890000 - 0x00007ffb058a2000 	C:\Users\HB\.jdks\openjdk-26\bin\net.dll
0x00007ffbaf2d0000 - 0x00007ffbaf33c000 	C:\WINDOWS\system32\mswsock.dll
0x00007ffb04a20000 - 0x00007ffb04a36000 	C:\Users\HB\.jdks\openjdk-26\bin\nio.dll
0x00007ffb3b310000 - 0x00007ffb3b319000 	C:\Users\HB\.jdks\openjdk-26\bin\extnet.dll
0x00007ffbae6f0000 - 0x00007ffbae822000 	C:\WINDOWS\SYSTEM32\DNSAPI.dll
0x00007ffbae6b0000 - 0x00007ffbae6e2000 	C:\WINDOWS\SYSTEM32\IPHLPAPI.DLL
0x00007ffbb2a20000 - 0x00007ffbb2a2a000 	C:\WINDOWS\System32\NSI.dll
0x00007ffba9360000 - 0x00007ffba936b000 	C:\Windows\System32\rasadhlp.dll
0x00007ffba9c40000 - 0x00007ffba9cc6000 	C:\WINDOWS\System32\fwpuclnt.dll
0x00007ffb2eb60000 - 0x00007ffb2eb6a000 	C:\Users\HB\.jdks\openjdk-26\bin\management.dll
0x00007ffb2c930000 - 0x00007ffb2c93c000 	C:\Users\HB\.jdks\openjdk-26\bin\management_ext.dll
0x00007ffbb20b0000 - 0x00007ffbb20b8000 	C:\WINDOWS\System32\PSAPI.DLL
0x000001fa94d10000 - 0x000001fa94d13000 	C:\Users\HB\.openjfx\cache\21.0.2+5\amd64\api-ms-win-core-console-l1-1-0.dll
0x000001fa94d20000 - 0x000001fa94d23000 	C:\Users\HB\.openjfx\cache\21.0.2+5\amd64\api-ms-win-core-console-l1-2-0.dll
0x000001fa94e40000 - 0x000001fa94e43000 	C:\Users\HB\.openjfx\cache\21.0.2+5\amd64\api-ms-win-core-datetime-l1-1-0.dll
0x000001fa94e50000 - 0x000001fa94e53000 	C:\Users\HB\.openjfx\cache\21.0.2+5\amd64\api-ms-win-core-debug-l1-1-0.dll
0x000001fa94e60000 - 0x000001fa94e63000 	C:\Users\HB\.openjfx\cache\21.0.2+5\amd64\api-ms-win-core-errorhandling-l1-1-0.dll
0x000001fa94e70000 - 0x000001fa94e74000 	C:\Users\HB\.openjfx\cache\21.0.2+5\amd64\api-ms-win-core-file-l1-1-0.dll
0x000001fa94e80000 - 0x000001fa94e83000 	C:\Users\HB\.openjfx\cache\21.0.2+5\amd64\api-ms-win-core-file-l1-2-0.dll
0x000001fa94e90000 - 0x000001fa94e93000 	C:\Users\HB\.openjfx\cache\21.0.2+5\amd64\api-ms-win-core-file-l2-1-0.dll
0x000001fa94ea0000 - 0x000001fa94ea3000 	C:\Users\HB\.openjfx\cache\21.0.2+5\amd64\api-ms-win-core-handle-l1-1-0.dll
0x000001fa94eb0000 - 0x000001fa94eb3000 	C:\Users\HB\.openjfx\cache\21.0.2+5\amd64\api-ms-win-core-heap-l1-1-0.dll
0x000001fa94ec0000 - 0x000001fa94ec3000 	C:\Users\HB\.openjfx\cache\21.0.2+5\amd64\api-ms-win-core-interlocked-l1-1-0.dll
0x000001fa94ed0000 - 0x000001fa94ed3000 	C:\Users\HB\.openjfx\cache\21.0.2+5\amd64\api-ms-win-core-libraryloader-l1-1-0.dll
0x000001fa94ee0000 - 0x000001fa94ee3000 	C:\Users\HB\.openjfx\cache\21.0.2+5\amd64\api-ms-win-core-localization-l1-2-0.dll
0x000001fa94ef0000 - 0x000001fa94ef3000 	C:\Users\HB\.openjfx\cache\21.0.2+5\amd64\api-ms-win-core-memory-l1-1-0.dll
0x000001fa94f00000 - 0x000001fa94f03000 	C:\Users\HB\.openjfx\cache\21.0.2+5\amd64\api-ms-win-core-namedpipe-l1-1-0.dll
0x000001fa94f10000 - 0x000001fa94f13000 	C:\Users\HB\.openjfx\cache\21.0.2+5\amd64\api-ms-win-core-processenvironment-l1-1-0.dll
0x000001fa94f20000 - 0x000001fa94f23000 	C:\Users\HB\.openjfx\cache\21.0.2+5\amd64\api-ms-win-core-processthreads-l1-1-0.dll
0x000001fa94f30000 - 0x000001fa94f33000 	C:\Users\HB\.openjfx\cache\21.0.2+5\amd64\api-ms-win-core-processthreads-l1-1-1.dll
0x000001fa94f40000 - 0x000001fa94f43000 	C:\Users\HB\.openjfx\cache\21.0.2+5\amd64\api-ms-win-core-profile-l1-1-0.dll
0x000001fa94f50000 - 0x000001fa94f53000 	C:\Users\HB\.openjfx\cache\21.0.2+5\amd64\api-ms-win-core-rtlsupport-l1-1-0.dll
0x000001fa94f60000 - 0x000001fa94f63000 	C:\Users\HB\.openjfx\cache\21.0.2+5\amd64\api-ms-win-core-string-l1-1-0.dll
0x000001fa94f70000 - 0x000001fa94f73000 	C:\Users\HB\.openjfx\cache\21.0.2+5\amd64\api-ms-win-core-synch-l1-1-0.dll
0x000001fa94f80000 - 0x000001fa94f83000 	C:\Users\HB\.openjfx\cache\21.0.2+5\amd64\api-ms-win-core-synch-l1-2-0.dll
0x000001fa94f90000 - 0x000001fa94f93000 	C:\Users\HB\.openjfx\cache\21.0.2+5\amd64\api-ms-win-core-sysinfo-l1-1-0.dll
0x000001fa94fa0000 - 0x000001fa94fa3000 	C:\Users\HB\.openjfx\cache\21.0.2+5\amd64\api-ms-win-core-timezone-l1-1-0.dll
0x000001fa94fb0000 - 0x000001fa94fb3000 	C:\Users\HB\.openjfx\cache\21.0.2+5\amd64\api-ms-win-core-util-l1-1-0.dll
0x000001fa94fc0000 - 0x000001fa94fc3000 	C:\Users\HB\.openjfx\cache\21.0.2+5\amd64\api-ms-win-crt-conio-l1-1-0.dll
0x000001fa94fd0000 - 0x000001fa94fd4000 	C:\Users\HB\.openjfx\cache\21.0.2+5\amd64\api-ms-win-crt-convert-l1-1-0.dll
0x000001fa94fe0000 - 0x000001fa94fe3000 	C:\Users\HB\.openjfx\cache\21.0.2+5\amd64\api-ms-win-crt-environment-l1-1-0.dll
0x000001fa94ff0000 - 0x000001fa94ff3000 	C:\Users\HB\.openjfx\cache\21.0.2+5\amd64\api-ms-win-crt-filesystem-l1-1-0.dll
0x000001fa9af10000 - 0x000001fa9af13000 	C:\Users\HB\.openjfx\cache\21.0.2+5\amd64\api-ms-win-crt-heap-l1-1-0.dll
0x000001fa9af20000 - 0x000001fa9af23000 	C:\Users\HB\.openjfx\cache\21.0.2+5\amd64\api-ms-win-crt-locale-l1-1-0.dll
0x000001fa9af30000 - 0x000001fa9af35000 	C:\Users\HB\.openjfx\cache\21.0.2+5\amd64\api-ms-win-crt-math-l1-1-0.dll
0x000001fa9af40000 - 0x000001fa9af45000 	C:\Users\HB\.openjfx\cache\21.0.2+5\amd64\api-ms-win-crt-multibyte-l1-1-0.dll
0x000001fa9af50000 - 0x000001fa9af60000 	C:\Users\HB\.openjfx\cache\21.0.2+5\amd64\api-ms-win-crt-private-l1-1-0.dll
0x000001fa9af60000 - 0x000001fa9af63000 	C:\Users\HB\.openjfx\cache\21.0.2+5\amd64\api-ms-win-crt-process-l1-1-0.dll
0x000001fa9af70000 - 0x000001fa9af74000 	C:\Users\HB\.openjfx\cache\21.0.2+5\amd64\api-ms-win-crt-runtime-l1-1-0.dll
0x00007ffbaf5b0000 - 0x00007ffbaf5cb000 	C:\WINDOWS\SYSTEM32\CRYPTSP.dll
0x00007ffbaec10000 - 0x00007ffbaec49000 	C:\WINDOWS\system32\rsaenh.dll
0x00007ffbaf380000 - 0x00007ffbaf3b3000 	C:\WINDOWS\SYSTEM32\USERENV.dll
0x000001fa9af80000 - 0x000001fa9af84000 	C:\Users\HB\.openjfx\cache\21.0.2+5\amd64\api-ms-win-crt-stdio-l1-1-0.dll
0x00007ffbafda0000 - 0x00007ffbafdca000 	C:\WINDOWS\SYSTEM32\bcrypt.dll
0x00007ffbaf5d0000 - 0x00007ffbaf5dc000 	C:\WINDOWS\SYSTEM32\CRYPTBASE.dll
0x000001fa9af90000 - 0x000001fa9af94000 	C:\Users\HB\.openjfx\cache\21.0.2+5\amd64\api-ms-win-crt-string-l1-1-0.dll
0x000001fa9afa0000 - 0x000001fa9afa3000 	C:\Users\HB\.openjfx\cache\21.0.2+5\amd64\api-ms-win-crt-time-l1-1-0.dll
0x000001fa9afb0000 - 0x000001fa9afb3000 	C:\Users\HB\.openjfx\cache\21.0.2+5\amd64\api-ms-win-crt-utility-l1-1-0.dll
0x00007ffb86260000 - 0x00007ffb86278000 	C:\WINDOWS\system32\napinsp.dll
0x00007ffb86240000 - 0x00007ffb86253000 	C:\WINDOWS\System32\winrnr.dll
0x00007ffb86210000 - 0x00007ffb86232000 	C:\WINDOWS\system32\nlansp_c.dll
0x00007ffba0f30000 - 0x00007ffba0f46000 	C:\WINDOWS\system32\wshbth.dll
0x00007ffad1b20000 - 0x00007ffad1c1c000 	C:\Users\HB\.openjfx\cache\21.0.2+5\amd64\ucrtbase.dll
0x00007ffb049e0000 - 0x00007ffb049fb000 	C:\Users\HB\.openjfx\cache\21.0.2+5\amd64\vcruntime140.dll
0x00007ffb2c8d0000 - 0x00007ffb2c8dc000 	C:\Users\HB\.openjfx\cache\21.0.2+5\amd64\vcruntime140_1.dll
0x00007ffad1a90000 - 0x00007ffad1b1e000 	C:\Users\HB\.openjfx\cache\21.0.2+5\amd64\msvcp140.dll
0x00007ffb2c3c0000 - 0x00007ffb2c3c9000 	C:\Users\HB\.openjfx\cache\21.0.2+5\amd64\msvcp140_1.dll
0x00007ffb03360000 - 0x00007ffb033a1000 	C:\Users\HB\.openjfx\cache\21.0.2+5\amd64\msvcp140_2.dll
0x00007ffb99490000 - 0x00007ffb994e6000 	C:\WINDOWS\SYSTEM32\pdh.dll
0x00007ffb04920000 - 0x00007ffb04950000 	C:\Users\HB\.openjfx\cache\21.0.2+5\amd64\prism_d3d.dll
0x00007ffb12a90000 - 0x00007ffb12c42000 	C:\WINDOWS\system32\d3d9.dll
0x00007ffbadb90000 - 0x00007ffbadbbf000 	C:\WINDOWS\SYSTEM32\dwmapi.dll
0x00007ffbadbe0000 - 0x00007ffbadc23000 	C:\WINDOWS\SYSTEM32\dxcore.dll
0x00007ffbad940000 - 0x00007ffbad9e9000 	C:\WINDOWS\system32\uxtheme.dll
0x00007ffba99b0000 - 0x00007ffba9a74000 	C:\WINDOWS\System32\DriverStore\FileRepository\nvami.inf_amd64_88ddf34dcee55c5c\nvldumdx.dll
0x00007ffbaf620000 - 0x00007ffbaf633000 	C:\WINDOWS\SYSTEM32\msasn1.dll
0x00007ffba9490000 - 0x00007ffba94cb000 	C:\WINDOWS\SYSTEM32\cryptnet.dll
0x00007ffbb00d0000 - 0x00007ffbb0247000 	C:\WINDOWS\System32\CRYPT32.dll
0x00007ffbaf690000 - 0x00007ffbaf6f8000 	C:\WINDOWS\SYSTEM32\wldp.dll
0x00007ffba8d70000 - 0x00007ffba8ee8000 	C:\WINDOWS\SYSTEM32\drvstore.dll
0x00007ffbafb10000 - 0x00007ffbafb3d000 	C:\WINDOWS\SYSTEM32\devobj.dll
0x00007ffbafb40000 - 0x00007ffbafb91000 	C:\WINDOWS\SYSTEM32\cfgmgr32.dll
0x00007ffbb0310000 - 0x00007ffbb0392000 	C:\WINDOWS\System32\wintrust.dll
0x00007ffbb2d40000 - 0x00007ffbb2d60000 	C:\WINDOWS\System32\imagehlp.dll
0x00007ffba1ff0000 - 0x00007ffba6f47000 	C:\WINDOWS\System32\DriverStore\FileRepository\nvami.inf_amd64_88ddf34dcee55c5c\nvgpucomp64.dll

JVMTI agents:
C:\Program Files\JetBrains\IntelliJ IDEA 2025.2.4\lib\idea_rt.jar path:C:\Users\HB\.jdks\openjdk-26\bin\instrument.dll, loaded, initialized, instrumentlib options:52108

dbghelp: loaded successfully - version: 4.0.5 - missing functions: none
symbol engine: initialized successfully - sym options: 0x614 - pdb path: .;C:\Users\HB\.jdks\openjdk-26\bin;C:\WINDOWS\SYSTEM32;C:\WINDOWS\WinSxS\amd64_microsoft.windows.common-controls_6595b64144ccf1df_6.0.26100.8115_none_3e075c82e3354f9c;C:\Users\HB\.jdks\openjdk-26\bin\server;C:\Users\HB\.openjfx\cache\21.0.2+5\amd64;C:\WINDOWS\System32\DriverStore\FileRepository\nvami.inf_amd64_88ddf34dcee55c5c;C:\Program Files\Common Files\Microsoft Shared\Ink

VM Arguments:
jvm_args: -javaagent:C:\Program Files\JetBrains\IntelliJ IDEA 2025.2.4\lib\idea_rt.jar=52108 -Dfile.encoding=UTF-8 -Dsun.stdout.encoding=UTF-8 -Dsun.stderr.encoding=UTF-8 
java_command: org.example.Launcher
java_class_path (initial): C:\Users\HB\Desktop\crud pi\target\classes;C:\Users\HB\.m2\repository\com\mysql\mysql-connector-j\9.0.0\mysql-connector-j-9.0.0.jar;C:\Users\HB\.m2\repository\com\google\protobuf\protobuf-java\4.26.1\protobuf-java-4.26.1.jar;C:\Users\HB\.m2\repository\org\openjfx\javafx-controls\21.0.2\javafx-controls-21.0.2.jar;C:\Users\HB\.m2\repository\org\openjfx\javafx-controls\21.0.2\javafx-controls-21.0.2-win.jar;C:\Users\HB\.m2\repository\org\openjfx\javafx-graphics\21.0.2\javafx-graphics-21.0.2.jar;C:\Users\HB\.m2\repository\org\openjfx\javafx-graphics\21.0.2\javafx-graphics-21.0.2-win.jar;C:\Users\HB\.m2\repository\org\openjfx\javafx-base\21.0.2\javafx-base-21.0.2.jar;C:\Users\HB\.m2\repository\org\openjfx\javafx-base\21.0.2\javafx-base-21.0.2-win.jar;C:\Users\HB\.m2\repository\org\openjfx\javafx-fxml\21.0.2\javafx-fxml-21.0.2.jar;C:\Users\HB\.m2\repository\org\openjfx\javafx-fxml\21.0.2\javafx-fxml-21.0.2-win.jar;C:\Users\HB\.m2\repository\org\openjfx\javafx-web\21.0.2\javafx-web-21.0.2.jar;C:\Users\HB\.m2\repository\org\openjfx\javafx-web\21.0.2\javafx-web-21.0.2-win.jar;C:\Users\HB\.m2\repository\org\openjfx\javafx-media\21.0.2\javafx-media-21.0.2.jar;C:\Users\HB\.m2\repository\org\openjfx\javafx-media\21.0.2\javafx-media-21.0.2-win.jar;C:\Users\HB\.m2\repository\org\json\json\20240303\json-20240303.jar
Launcher Type: SUN_STANDARD

[Global flags]
     bool AOTAdapterCaching                        = false                                  {diagnostic} {ergonomic}
     bool AOTInvokeDynamicLinking                  = false                                  {diagnostic} {ergonomic}
     bool AOTRecordTraining                        = false                                  {diagnostic} {ergonomic}
     bool AOTReplayTraining                        = false                                  {diagnostic} {ergonomic}
     bool AOTStubCaching                           = false                                  {diagnostic} {ergonomic}
     intx CICompilerCount                          = 12                                        {product} {ergonomic}
     uint ConcGCThreads                            = 3                                         {product} {ergonomic}
     uint G1ConcRefinementThreads                  = 13                                        {product} {ergonomic}
     uint G1EagerReclaimRemSetThreshold            = 32                                   {experimental} {ergonomic}
   size_t G1HeapRegionSize                         = 4194304                                   {product} {ergonomic}
     uint G1RemSetArrayOfCardsEntries              = 32                                   {experimental} {ergonomic}
     uint G1RemSetHowlMaxNumBuckets                = 8                                    {experimental} {ergonomic}
     uint G1RemSetHowlNumBuckets                   = 8                                    {experimental} {ergonomic}
   size_t InitialHeapSize                          = 8388608                                   {product} {ergonomic}
     bool IntelJccErratumMitigation                = false                             {ARCH diagnostic} {ergonomic}
   size_t MarkStackSize                            = 4194304                                   {product} {ergonomic}
   size_t MarkStackSizeMax                         = 536870912                                 {product} {ergonomic}
   size_t MaxHeapSize                              = 6241124352                                {product} {ergonomic}
   size_t MaxNewSize                               = 3741319168                                {product} {ergonomic}
 uint64_t MaxRAM                                   = 24961396736                               {product} {ergonomic}
   size_t MinHeapDeltaBytes                        = 4194304                                   {product} {ergonomic}
   size_t MinHeapSize                              = 8388608                                   {product} {ergonomic}
   size_t NonNMethodCodeHeapSize                   = 7602176                                {pd product} {ergonomic}
   size_t NonProfiledCodeHeapSize                  = 122093568                              {pd product} {ergonomic}
   size_t ProfiledCodeHeapSize                     = 121962496                              {pd product} {ergonomic}
   size_t ReservedCodeCacheSize                    = 251658240                              {pd product} {ergonomic}
     bool SegmentedCodeCache                       = true                                      {product} {ergonomic}
   size_t SoftMaxHeapSize                          = 6241124352                             {manageable} {ergonomic}
     bool UseCompressedOops                        = true                           {product lp64_product} {ergonomic}
     bool UseCondCardMark                          = true                                      {product} {ergonomic}
     bool UseFastUnorderedTimeStamps               = true                                 {experimental} {ergonomic}
     bool UseG1GC                                  = true                                      {product} {ergonomic}
     bool UseLargePagesIndividualAllocation        = false                                  {pd product} {ergonomic}
      int X86ICacheSync                            = 3                                 {ARCH diagnostic} {ergonomic}

Logging:
Log output configuration:
 #0: stdout all=warning uptime,level,tags foldmultilines=false
 #1: stderr all=off uptime,level,tags foldmultilines=false

Release file:
IMPLEMENTOR="Oracle Corporation" 
JAVA_RUNTIME_VERSION="26+35-2893" 
JAVA_VERSION="26" 
JAVA_VERSION_DATE="2026-03-17" 
LIBC="default" 
MODULES="java.base java.compiler java.datatransfer java.xml java.prefs java.desktop java.instrument java.logging java.management java.security.sasl java.naming java.rmi java.management.rmi java.net.http java.scripting java.security.jgss java.transaction.xa java.sql java.sql.rowset java.xml.crypto java.se java.smartcardio jdk.accessibility jdk.internal.jvmstat jdk.attach jdk.charsets jdk.internal.opt jdk.zipfs jdk.compiler jdk.crypto.cryptoki jdk.crypto.ec jdk.crypto.mscapi jdk.dynalink jdk.internal.ed jdk.editpad jdk.internal.vm.ci jdk.graal.compiler jdk.graal.compiler.management jdk.hotspot.agent jdk.httpserver jdk.incubator.vector jdk.internal.le jdk.internal.md jdk.jartool jdk.javadoc jdk.jcmd jdk.management jdk.management.agent jdk.jconsole jdk.jdeps jdk.jdwp.agent jdk.jdi jdk.jfr jdk.jlink jdk.jpackage jdk.jshell jdk.jstatd jdk.localedata jdk.management.jfr jdk.naming.dns jdk.naming.rmi jdk.net jdk.nio.mapmode jdk.sctp jdk.security.auth jdk.security.jgss jdk.unsupported jdk.unsupported.desktop jdk.xml.dom" 
OS_ARCH="x86_64" 
OS_NAME="Windows" 
SOURCE=".:git:4408cd2a07a1" 

Environment Variables:
PATH=C:\php84;C:\php84;C:\Program Files\Common Files\Oracle\Java\javapath;C:\Program Files (x86)\VMware\VMware Workstation\bin\;C:\Program Files\Eclipse Adoptium\jdk-25.0.0.36-hotspot\bin;C:\Windows\system32;C:\Windows;C:\Windows\System32\Wbem;C:\Windows\System32\WindowsPowerShell\v1.0\;C:\Windows\System32\OpenSSH\;C:\Program Files (x86)\NVIDIA Corporation\PhysX\Common;C:\WINDOWS\system32;C:\WINDOWS;C:\WINDOWS\System32\Wbem;C:\WINDOWS\System32\WindowsPowerShell\v1.0\;C:\WINDOWS\System32\OpenSSH\;C:\Program Files\dotnet\;C:\Program Files\NVIDIA Corporation\NVIDIA App\NvDLISR;C:\MinGW\bin;C:\xampp\php;C:\ProgramData\ComposerSetup\bin;C:\Program Files\nodejs\;C:\Program Files\Git\cmd;C:\Program Files\Docker\Docker\resources\bin;C:\Program Files\MySQL\MySQL Shell 8.0\bin\;C:\php-8.5.3;C:\php84;C:\Users\HB\AppData\Local\Programs\PHP\current;C:\Users\HB\scoop\shims;C:\Users\HB\AppData\Local\Programs\Python\Launcher\;C:\Users\HB\AppData\Local\Microsoft\WindowsApps;C:\Users\HB\AppData\Local\Programs\Microsoft VS Code\bin;C:\Users\HB\.dotnet\tools;C:\Users\HB\AppData\Local\GitHubDesktop\bin;C:\Users\HB\AppData\Roaming\Composer\vendor\bin;C:\Users\HB\AppData\Local\Python\bin;C:\Users\HB\AppData\Local\Programs\Antigravity\bin;C:\Users\HB\AppData\Roaming\npm;C:\Users\HB\AppData\Local\Programs\Kiro\bin
USERNAME=HB
OS=Windows_NT
PROCESSOR_IDENTIFIER=AMD64 Family 25 Model 68 Stepping 1, AuthenticAMD
TMP=C:\Users\HB\AppData\Local\Temp
TEMP=C:\Users\HB\AppData\Local\Temp




Compilation memory statistics disabled.

Periodic native trim disabled

---------------  S Y S T E M  ---------------

OS:
 Windows 11 , 64 bit Build 26100 (10.0.26100.8246)
OS uptime: 2 days 0:13 hours
Hyper-V role detected

CPU: total 16 (initial active 16) (8 cores per cpu, 2 threads per core) family 25 model 68 stepping 1 microcode 0xa404101, cx8, cmov, fxsr, ht, mmx, 3dnowpref, sse, sse2, sse3, ssse3, sse4a, sse4.1, sse4.2, popcnt, lzcnt, tsc, tscinvbit, avx, avx2, aes, clmul, bmi1, bmi2, adx, sha, fma, vzeroupper, clflush, clflushopt, clwb, hv, rdtscp, rdpid, f16c, cet_ss
Processor Information for the first 16 processors :
  Max Mhz: 3201, Current Mhz: 3201, Mhz Limit: 3201

Memory: 4k page, system-wide physical 23805M (10217M free)
TotalPageFile size 28925M (AvailPageFile size 11694M)
current process WorkingSet (physical memory assigned to process): 278M, peak: 297M
current process commit charge ("private bytes"): 359M, peak: 402M

vm_info: OpenJDK 64-Bit Server VM (26+35-2893) for windows-amd64 JRE (26+35-2893), built on 2026-02-12T17:04:02Z with MS VC++ 17.13 (VS2022)

END.
